docker : time="2026-03-25T11:42:30+05:30" level=warning msg="The 
\"OPENROUTER_API_KEY\" variable is not set. Defaulting to a blank 
string."
At line:1 char:1
+ docker compose build --no-cache celery_beat 2>&1 | tee build_error.lo 
...
+ ~~~~~~~~~~~~~~~~~~~~~~~~~~~~~~~~~~~~~~~~~~~~~~~~
    + CategoryInfo          : NotSpecified: (time="2026-03-2... blank st 
   ring.":String) [], RemoteException
    + FullyQualifiedErrorId : NativeCommandError
 
time="2026-03-25T11:42:30+05:30" level=warning msg="The \"HF_API_KEY\" 
variable is not set. Defaulting to a blank string."
time="2026-03-25T11:42:30+05:30" level=warning msg="The 
\"OPENROUTER_API_KEY\" variable is not set. Defaulting to a blank 
string."
time="2026-03-25T11:42:30+05:30" level=warning msg="The \"HF_API_KEY\" 
variable is not set. Defaulting to a blank string."
time="2026-03-25T11:42:30+05:30" level=warning msg="The 
\"OPENROUTER_API_KEY\" variable is not set. Defaulting to a blank 
string."
time="2026-03-25T11:42:30+05:30" level=warning msg="The \"HF_API_KEY\" 
variable is not set. Defaulting to a blank string."
time="2026-03-25T11:42:30+05:30" level=warning msg="The 
\"MEMBRAIN_API_KEY\" variable is not set. Defaulting to a blank string."
time="2026-03-25T11:42:30+05:30" level=warning msg="C:\\Users\\arjun\\sem
antic-research-explorer-optimized\\docker-compose.yml: the attribute 
`version` is obsolete, it will be ignored, please remove it to avoid 
potential confusion"
 Image semantic-research-explorer-optimized-celery_worker Building 
 Image semantic-research-explorer-optimized-celery_beat Building 
#1 [internal] load local bake definitions
#1 reading from stdin 1.26kB done
#1 DONE 0.0s

#2 [internal] load build definition from Dockerfile
#2 transferring dockerfile: 599B done
#2 DONE 0.0s

#3 [auth] library/python:pull token for registry-1.docker.io
#3 DONE 0.0s

#4 [internal] load metadata for docker.io/library/python:3.11-slim
#4 DONE 1.3s

#5 [internal] load .dockerignore
#5 transferring context: 2B done
#5 DONE 0.0s

#6 [internal] load build context
#6 transferring context: 1.59kB done
#6 DONE 0.0s

#7 [1/7] FROM docker.io/library/python:3.11-slim@sha256:9358444059ed78e2975ada2c189f1c1a3144a5dab6f35bff8c981afb38946634
#7 resolve docker.io/library/python:3.11-slim@sha256:9358444059ed78e2975ada2c189f1c1a3144a5dab6f35bff8c981afb38946634 0.0s done
#7 DONE 0.1s

#8 [2/7] WORKDIR /app
#8 DONE 0.0s

#9 [3/7] RUN apt-get update && apt-get install -y --no-install-recommends     build-essential curl libpq-dev &&     rm -rf /var/lib/apt/lists/*
#9 0.552 Hit:1 http://deb.debian.org/debian trixie InRelease
#9 0.562 Get:2 http://deb.debian.org/debian trixie-updates InRelease [47.3 kB]
#9 0.606 Get:3 http://deb.debian.org/debian-security trixie-security InRelease [43.4 kB]
#9 0.665 Get:4 http://deb.debian.org/debian trixie/main amd64 Packages [9671 kB]
#9 26.78 Get:5 http://deb.debian.org/debian trixie-updates/main amd64 Packages [5412 B]
#9 26.80 Get:6 http://deb.debian.org/debian-security trixie-security/main amd64 Packages [114 kB]
#9 27.30 Fetched 9881 kB in 27s (368 kB/s)
#9 27.30 Reading package lists...
#9 27.73 Reading package lists...
#9 28.17 Building dependency tree...
#9 28.28 Reading state information...
#9 28.43 The following additional packages will be installed:
#9 28.43   binutils binutils-common binutils-x86-64-linux-gnu bzip2 cpp cpp-14
#9 28.43   cpp-14-x86-64-linux-gnu cpp-x86-64-linux-gnu dpkg-dev g++ g++-14
#9 28.43   g++-14-x86-64-linux-gnu g++-x86-64-linux-gnu gcc gcc-14
#9 28.43   gcc-14-x86-64-linux-gnu gcc-x86-64-linux-gnu libasan8 libatomic1 libbinutils
#9 28.43   libbrotli1 libc-dev-bin libc6-dev libcc1-0 libcom-err2 libcrypt-dev
#9 28.43   libctf-nobfd0 libctf0 libcurl4t64 libdpkg-perl libgcc-14-dev
#9 28.43   libgdbm-compat4t64 libgnutls30t64 libgomp1 libgprofng0 libgssapi-krb5-2
#9 28.43   libhwasan0 libidn2-0 libisl23 libitm1 libjansson4 libk5crypto3 libkeyutils1
#9 28.43   libkrb5-3 libkrb5support0 libldap2 liblsan0 libmpc3 libmpfr6 libnghttp2-14
#9 28.43   libnghttp3-9 libp11-kit0 libperl5.40 libpq5 libpsl5t64 libquadmath0 librtmp1
#9 28.43   libsasl2-2 libsasl2-modules-db libsframe1 libssh2-1t64 libssl-dev
#9 28.43   libstdc++-14-dev libtasn1-6 libtsan2 libubsan1 libunistring5 linux-libc-dev
#9 28.43   make patch perl perl-modules-5.40 rpcsvc-proto xz-utils
#9 28.43 Suggested packages:
#9 28.43   binutils-doc gprofng-gui binutils-gold bzip2-doc cpp-doc gcc-14-locales
#9 28.43   cpp-14-doc debian-keyring debian-tag2upload-keyring g++-multilib
#9 28.43   g++-14-multilib gcc-14-doc gcc-multilib manpages-dev autoconf automake
#9 28.43   libtool flex bison gdb gcc-doc gcc-14-multilib gdb-x86-64-linux-gnu
#9 28.43   libc-devtools glibc-doc sq | sqop | rsop | gosop | pgpainless-cli | gpg-sq
#9 28.43   | gnupg sensible-utils git bzr gnutls-bin krb5-doc krb5-user
#9 28.43   postgresql-doc-17 libssl-doc libstdc++-14-doc make-doc ed diffutils-doc
#9 28.43   perl-doc libterm-readline-gnu-perl | libterm-readline-perl-perl
#9 28.43   libtap-harness-archive-perl
#9 28.43 Recommended packages:
#9 28.43   bash-completion fakeroot sq | sqop | rsop | gosop | pgpainless-cli | gpg-sq
#9 28.43   | gnupg libalgorithm-merge-perl manpages manpages-dev libfile-fcntllock-perl
#9 28.43   liblocale-gettext-perl krb5-locales libldap-common publicsuffix
#9 28.43   libsasl2-modules
#9 28.67 The following NEW packages will be installed:
#9 28.67   binutils binutils-common binutils-x86-64-linux-gnu build-essential bzip2 cpp
#9 28.67   cpp-14 cpp-14-x86-64-linux-gnu cpp-x86-64-linux-gnu curl dpkg-dev g++ g++-14
#9 28.67   g++-14-x86-64-linux-gnu g++-x86-64-linux-gnu gcc gcc-14
#9 28.67   gcc-14-x86-64-linux-gnu gcc-x86-64-linux-gnu libasan8 libatomic1 libbinutils
#9 28.67   libbrotli1 libc-dev-bin libc6-dev libcc1-0 libcom-err2 libcrypt-dev
#9 28.67   libctf-nobfd0 libctf0 libcurl4t64 libdpkg-perl libgcc-14-dev
#9 28.67   libgdbm-compat4t64 libgnutls30t64 libgomp1 libgprofng0 libgssapi-krb5-2
#9 28.67   libhwasan0 libidn2-0 libisl23 libitm1 libjansson4 libk5crypto3 libkeyutils1
#9 28.67   libkrb5-3 libkrb5support0 libldap2 liblsan0 libmpc3 libmpfr6 libnghttp2-14
#9 28.67   libnghttp3-9 libp11-kit0 libperl5.40 libpq-dev libpq5 libpsl5t64
#9 28.67   libquadmath0 librtmp1 libsasl2-2 libsasl2-modules-db libsframe1 libssh2-1t64
#9 28.67   libssl-dev libstdc++-14-dev libtasn1-6 libtsan2 libubsan1 libunistring5
#9 28.67   linux-libc-dev make patch perl perl-modules-5.40 rpcsvc-proto xz-utils
#9 28.76 0 upgraded, 77 newly installed, 0 to remove and 0 not upgraded.
#9 28.76 Need to get 90.6 MB of archives.
#9 28.76 After this operation, 369 MB of additional disk space will be used.
#9 28.76 Get:1 http://deb.debian.org/debian trixie/main amd64 bzip2 amd64 1.0.8-6 [40.5 kB]
#9 28.84 Get:2 http://deb.debian.org/debian trixie/main amd64 perl-modules-5.40 all 5.40.1-6 [3019 kB]
#9 32.93 Get:3 http://deb.debian.org/debian trixie/main amd64 libgdbm-compat4t64 amd64 1.24-2 [50.3 kB]
#9 33.03 Get:4 http://deb.debian.org/debian trixie/main amd64 libperl5.40 amd64 5.40.1-6 [4341 kB]
#9 44.54 Get:5 http://deb.debian.org/debian trixie/main amd64 perl amd64 5.40.1-6 [267 kB]
#9 44.92 Get:6 http://deb.debian.org/debian trixie/main amd64 xz-utils amd64 5.8.1-1 [660 kB]
#9 46.46 Get:7 http://deb.debian.org/debian trixie/main amd64 libsframe1 amd64 2.44-3 [78.4 kB]
#9 46.76 Get:8 http://deb.debian.org/debian trixie/main amd64 binutils-common amd64 2.44-3 [2509 kB]
#9 54.42 Get:9 http://deb.debian.org/debian trixie/main amd64 libbinutils amd64 2.44-3 [534 kB]
#9 55.25 Get:10 http://deb.debian.org/debian trixie/main amd64 libgprofng0 amd64 2.44-3 [808 kB]
#9 58.27 Get:11 http://deb.debian.org/debian trixie/main amd64 libctf-nobfd0 amd64 2.44-3 [156 kB]
#9 58.81 Get:12 http://deb.debian.org/debian trixie/main amd64 libctf0 amd64 2.44-3 [88.6 kB]
#9 59.16 Get:13 http://deb.debian.org/debian trixie/main amd64 libjansson4 amd64 2.14-2+b3 [39.8 kB]
#9 59.19 Get:14 http://deb.debian.org/debian trixie/main amd64 binutils-x86-64-linux-gnu amd64 2.44-3 [1014 kB]
#9 62.82 Get:15 http://deb.debian.org/debian trixie/main amd64 binutils amd64 2.44-3 [265 kB]
#9 63.68 Get:16 http://deb.debian.org/debian trixie/main amd64 libc-dev-bin amd64 2.41-12+deb13u2 [59.4 kB]
#9 63.76 Get:17 http://deb.debian.org/debian-security trixie-security/main amd64 linux-libc-dev all 6.12.74-2 [2746 kB]
#9 70.51 Get:18 http://deb.debian.org/debian trixie/main amd64 libcrypt-dev amd64 1:4.4.38-1 [119 kB]
#9 71.00 Get:19 http://deb.debian.org/debian trixie/main amd64 rpcsvc-proto amd64 1.4.3-1 [63.3 kB]
#9 71.18 Get:20 http://deb.debian.org/debian trixie/main amd64 libc6-dev amd64 2.41-12+deb13u2 [1996 kB]
#9 75.79 Get:21 http://deb.debian.org/debian trixie/main amd64 libisl23 amd64 0.27-1 [659 kB]
#9 76.81 Get:22 http://deb.debian.org/debian trixie/main amd64 libmpfr6 amd64 4.2.2-1 [729 kB]
#9 78.10 Get:23 http://deb.debian.org/debian trixie/main amd64 libmpc3 amd64 1.3.1-1+b3 [52.2 kB]
#9 78.16 Get:24 http://deb.debian.org/debian trixie/main amd64 cpp-14-x86-64-linux-gnu amd64 14.2.0-19 [11.0 MB]
#9 100.00 Get:25 http://deb.debian.org/debian trixie/main amd64 cpp-14 amd64 14.2.0-19 [1280 B]
#9 100.00 Get:26 http://deb.debian.org/debian trixie/main amd64 cpp-x86-64-linux-gnu amd64 4:14.2.0-1 [4840 B]
#9 100.0 Get:27 http://deb.debian.org/debian trixie/main amd64 cpp amd64 4:14.2.0-1 [1568 B]
#9 100.0 Get:28 http://deb.debian.org/debian trixie/main amd64 libcc1-0 amd64 14.2.0-19 [42.8 kB]
#9 100.1 Get:29 http://deb.debian.org/debian trixie/main amd64 libgomp1 amd64 14.2.0-19 [137 kB]
#9 100.3 Get:30 http://deb.debian.org/debian trixie/main amd64 libitm1 amd64 14.2.0-19 [26.0 kB]
#9 100.4 Get:31 http://deb.debian.org/debian trixie/main amd64 libatomic1 amd64 14.2.0-19 [9308 B]
#9 100.4 Get:32 http://deb.debian.org/debian trixie/main amd64 libasan8 amd64 14.2.0-19 [2725 kB]
#9 108.2 Get:33 http://deb.debian.org/debian trixie/main amd64 liblsan0 amd64 14.2.0-19 [1204 kB]
#9 111.4 Get:34 http://deb.debian.org/debian trixie/main amd64 libtsan2 amd64 14.2.0-19 [2460 kB]
#9 120.1 Get:35 http://deb.debian.org/debian trixie/main amd64 libubsan1 amd64 14.2.0-19 [1074 kB]
#9 124.3 Get:36 http://deb.debian.org/debian trixie/main amd64 libhwasan0 amd64 14.2.0-19 [1488 kB]
#9 128.8 Get:37 http://deb.debian.org/debian trixie/main amd64 libquadmath0 amd64 14.2.0-19 [145 kB]
#9 129.1 Get:38 http://deb.debian.org/debian trixie/main amd64 libgcc-14-dev amd64 14.2.0-19 [2672 kB]
#9 136.8 Get:39 http://deb.debian.org/debian trixie/main amd64 gcc-14-x86-64-linux-gnu amd64 14.2.0-19 [21.4 MB]
#9 188.1 Get:40 http://deb.debian.org/debian trixie/main amd64 gcc-14 amd64 14.2.0-19 [540 kB]
#9 189.0 Get:41 http://deb.debian.org/debian trixie/main amd64 gcc-x86-64-linux-gnu amd64 4:14.2.0-1 [1436 B]
#9 189.0 Get:42 http://deb.debian.org/debian trixie/main amd64 gcc amd64 4:14.2.0-1 [5136 B]
#9 189.0 Get:43 http://deb.debian.org/debian trixie/main amd64 libstdc++-14-dev amd64 14.2.0-19 [2376 kB]
#9 194.9 Get:44 http://deb.debian.org/debian trixie/main amd64 g++-14-x86-64-linux-gnu amd64 14.2.0-19 [12.1 MB]
#9 220.4 Get:45 http://deb.debian.org/debian trixie/main amd64 g++-14 amd64 14.2.0-19 [22.5 kB]
#9 220.5 Get:46 http://deb.debian.org/debian trixie/main amd64 g++-x86-64-linux-gnu amd64 4:14.2.0-1 [1200 B]
#9 220.5 Get:47 http://deb.debian.org/debian trixie/main amd64 g++ amd64 4:14.2.0-1 [1344 B]
#9 220.5 Get:48 http://deb.debian.org/debian trixie/main amd64 make amd64 4.4.1-2 [463 kB]
#9 221.2 Get:49 http://deb.debian.org/debian trixie/main amd64 libdpkg-perl all 1.22.22 [651 kB]
#9 222.4 Get:50 http://deb.debian.org/debian trixie/main amd64 patch amd64 2.8-2 [134 kB]
#9 222.7 Get:51 http://deb.debian.org/debian trixie/main amd64 dpkg-dev all 1.22.22 [1337 kB]
#9 225.9 Get:52 http://deb.debian.org/debian trixie/main amd64 build-essential amd64 12.12 [4624 B]
#9 225.9 Get:53 http://deb.debian.org/debian trixie/main amd64 libbrotli1 amd64 1.1.0-2+b7 [307 kB]
#9 226.6 Get:54 http://deb.debian.org/debian trixie/main amd64 libkrb5support0 amd64 1.21.3-5 [33.0 kB]
#9 226.7 Get:55 http://deb.debian.org/debian trixie/main amd64 libcom-err2 amd64 1.47.2-3+b10 [25.0 kB]
#9 226.8 Get:56 http://deb.debian.org/debian trixie/main amd64 libk5crypto3 amd64 1.21.3-5 [81.5 kB]
#9 227.0 Get:57 http://deb.debian.org/debian trixie/main amd64 libkeyutils1 amd64 1.6.3-6 [9456 B]
#9 227.1 Get:58 http://deb.debian.org/debian trixie/main amd64 libkrb5-3 amd64 1.21.3-5 [326 kB]
#9 227.6 Get:59 http://deb.debian.org/debian trixie/main amd64 libgssapi-krb5-2 amd64 1.21.3-5 [138 kB]
#9 227.9 Get:60 http://deb.debian.org/debian trixie/main amd64 libunistring5 amd64 1.3-2 [477 kB]
#9 229.3 Get:61 http://deb.debian.org/debian trixie/main amd64 libidn2-0 amd64 2.3.8-2 [109 kB]
#9 229.5 Get:62 http://deb.debian.org/debian trixie/main amd64 libsasl2-modules-db amd64 2.1.28+dfsg1-9 [19.8 kB]
#9 229.6 Get:63 http://deb.debian.org/debian trixie/main amd64 libsasl2-2 amd64 2.1.28+dfsg1-9 [57.5 kB]
#9 229.7 Get:64 http://deb.debian.org/debian trixie/main amd64 libldap2 amd64 2.6.10+dfsg-1 [194 kB]
#9 230.2 Get:65 http://deb.debian.org/debian trixie/main amd64 libnghttp2-14 amd64 1.64.0-1.1 [76.0 kB]
#9 230.4 Get:66 http://deb.debian.org/debian trixie/main amd64 libnghttp3-9 amd64 1.8.0-1 [67.7 kB]
#9 230.5 Get:67 http://deb.debian.org/debian trixie/main amd64 libpsl5t64 amd64 0.21.2-1.1+b1 [57.2 kB]
#9 230.6 Get:68 http://deb.debian.org/debian trixie/main amd64 libp11-kit0 amd64 0.25.5-3 [425 kB]
#9 231.2 Get:69 http://deb.debian.org/debian trixie/main amd64 libtasn1-6 amd64 4.20.0-2 [49.9 kB]
#9 231.3 Get:70 http://deb.debian.org/debian trixie/main amd64 libgnutls30t64 amd64 3.8.9-3+deb13u2 [1468 kB]
#9 235.0 Get:71 http://deb.debian.org/debian trixie/main amd64 librtmp1 amd64 2.4+20151223.gitfa8646d.1-2+b5 [58.8 kB]
#9 235.1 Get:72 http://deb.debian.org/debian trixie/main amd64 libssh2-1t64 amd64 1.11.1-1 [245 kB]
#9 235.5 Get:73 http://deb.debian.org/debian trixie/main amd64 libcurl4t64 amd64 8.14.1-2+deb13u2 [391 kB]
#9 236.4 Get:74 http://deb.debian.org/debian trixie/main amd64 curl amd64 8.14.1-2+deb13u2 [270 kB]
#9 236.8 Get:75 http://deb.debian.org/debian trixie/main amd64 libpq5 amd64 17.9-0+deb13u1 [228 kB]
#9 237.1 Get:76 http://deb.debian.org/debian trixie/main amd64 libssl-dev amd64 3.5.5-1~deb13u1 [2953 kB]
#9 242.5 Get:77 http://deb.debian.org/debian trixie/main amd64 libpq-dev amd64 17.9-0+deb13u1 [152 kB]
#9 243.0 debconf: unable to initialize frontend: Dialog
#9 243.0 debconf: (TERM is not set, so the dialog frontend is not usable.)
#9 243.0 debconf: falling back to frontend: Readline
#9 243.0 debconf: unable to initialize frontend: Readline
#9 243.0 debconf: (Can't locate Term/ReadLine.pm in @INC (you may need to install the Term::ReadLine module) (@INC entries checked: /etc/perl /usr/local/lib/x86_64-linux-gnu/perl/5.40.1 /usr/local/share/perl/5.40.1 /usr/lib/x86_64-linux-gnu/perl5/5.40 /usr/share/perl5 /usr/lib/x86_64-linux-gnu/perl-base /usr/lib/x86_64-linux-gnu/perl/5.40 /usr/share/perl/5.40 /usr/local/lib/site_perl) at /usr/share/perl5/Debconf/FrontEnd/Readline.pm line 8, <STDIN> line 77.)
#9 243.0 debconf: falling back to frontend: Teletype
#9 243.0 debconf: unable to initialize frontend: Teletype
#9 243.0 debconf: (This frontend requires a controlling tty.)
#9 243.0 debconf: falling back to frontend: Noninteractive
#9 244.3 Fetched 90.6 MB in 3min 34s (423 kB/s)
#9 244.3 Selecting previously unselected package bzip2.
#9 244.3 (Reading database ... 
(Reading database ... 5%
(Reading database ... 10%
(Reading database ... 15%
(Reading database ... 20%
(Reading database ... 25%
(Reading database ... 30%
(Reading database ... 35%
(Reading database ... 40%
(Reading database ... 45%
(Reading database ... 50%
(Reading database ... 55%
(Reading database ... 60%
(Reading database ... 65%
(Reading database ... 70%
(Reading database ... 75%
(Reading database ... 80%
(Reading database ... 85%
(Reading database ... 90%
(Reading database ... 95%
(Reading database ... 100%
(Reading database ... 5645 files and directories currently installed.)
#9 244.3 Preparing to unpack .../00-bzip2_1.0.8-6_amd64.deb ...
#9 244.3 Unpacking bzip2 (1.0.8-6) ...
#9 244.3 Selecting previously unselected package perl-modules-5.40.
#9 244.3 Preparing to unpack .../01-perl-modules-5.40_5.40.1-6_all.deb ...
#9 244.3 Unpacking perl-modules-5.40 (5.40.1-6) ...
#9 244.6 Selecting previously unselected package libgdbm-compat4t64:amd64.
#9 244.6 Preparing to unpack .../02-libgdbm-compat4t64_1.24-2_amd64.deb ...
#9 244.6 Unpacking libgdbm-compat4t64:amd64 (1.24-2) ...
#9 244.6 Selecting previously unselected package libperl5.40:amd64.
#9 244.6 Preparing to unpack .../03-libperl5.40_5.40.1-6_amd64.deb ...
#9 244.6 Unpacking libperl5.40:amd64 (5.40.1-6) ...
#9 244.8 Selecting previously unselected package perl.
#9 244.8 Preparing to unpack .../04-perl_5.40.1-6_amd64.deb ...
#9 244.8 Unpacking perl (5.40.1-6) ...
#9 244.9 Selecting previously unselected package xz-utils.
#9 244.9 Preparing to unpack .../05-xz-utils_5.8.1-1_amd64.deb ...
#9 244.9 Unpacking xz-utils (5.8.1-1) ...
#9 244.9 Selecting previously unselected package libsframe1:amd64.
#9 244.9 Preparing to unpack .../06-libsframe1_2.44-3_amd64.deb ...
#9 244.9 Unpacking libsframe1:amd64 (2.44-3) ...
#9 245.0 Selecting previously unselected package binutils-common:amd64.
#9 245.0 Preparing to unpack .../07-binutils-common_2.44-3_amd64.deb ...
#9 245.0 Unpacking binutils-common:amd64 (2.44-3) ...
#9 245.1 Selecting previously unselected package libbinutils:amd64.
#9 245.1 Preparing to unpack .../08-libbinutils_2.44-3_amd64.deb ...
#9 245.1 Unpacking libbinutils:amd64 (2.44-3) ...
#9 245.2 Selecting previously unselected package libgprofng0:amd64.
#9 245.2 Preparing to unpack .../09-libgprofng0_2.44-3_amd64.deb ...
#9 245.2 Unpacking libgprofng0:amd64 (2.44-3) ...
#9 245.2 Selecting previously unselected package libctf-nobfd0:amd64.
#9 245.2 Preparing to unpack .../10-libctf-nobfd0_2.44-3_amd64.deb ...
#9 245.2 Unpacking libctf-nobfd0:amd64 (2.44-3) ...
#9 245.3 Selecting previously unselected package libctf0:amd64.
#9 245.3 Preparing to unpack .../11-libctf0_2.44-3_amd64.deb ...
#9 245.3 Unpacking libctf0:amd64 (2.44-3) ...
#9 245.3 Selecting previously unselected package libjansson4:amd64.
#9 245.3 Preparing to unpack .../12-libjansson4_2.14-2+b3_amd64.deb ...
#9 245.3 Unpacking libjansson4:amd64 (2.14-2+b3) ...
#9 245.3 Selecting previously unselected package binutils-x86-64-linux-gnu.
#9 245.4 Preparing to unpack .../13-binutils-x86-64-linux-gnu_2.44-3_amd64.deb ...
#9 245.4 Unpacking binutils-x86-64-linux-gnu (2.44-3) ...
#9 245.4 Selecting previously unselected package binutils.
#9 245.4 Preparing to unpack .../14-binutils_2.44-3_amd64.deb ...
#9 245.5 Unpacking binutils (2.44-3) ...
#9 245.5 Selecting previously unselected package libc-dev-bin.
#9 245.5 Preparing to unpack .../15-libc-dev-bin_2.41-12+deb13u2_amd64.deb ...
#9 245.5 Unpacking libc-dev-bin (2.41-12+deb13u2) ...
#9 245.5 Selecting previously unselected package linux-libc-dev.
#9 245.5 Preparing to unpack .../16-linux-libc-dev_6.12.74-2_all.deb ...
#9 245.5 Unpacking linux-libc-dev (6.12.74-2) ...
#9 245.8 Selecting previously unselected package libcrypt-dev:amd64.
#9 245.8 Preparing to unpack .../17-libcrypt-dev_1%3a4.4.38-1_amd64.deb ...
#9 245.8 Unpacking libcrypt-dev:amd64 (1:4.4.38-1) ...
#9 245.9 Selecting previously unselected package rpcsvc-proto.
#9 245.9 Preparing to unpack .../18-rpcsvc-proto_1.4.3-1_amd64.deb ...
#9 245.9 Unpacking rpcsvc-proto (1.4.3-1) ...
#9 245.9 Selecting previously unselected package libc6-dev:amd64.
#9 245.9 Preparing to unpack .../19-libc6-dev_2.41-12+deb13u2_amd64.deb ...
#9 245.9 Unpacking libc6-dev:amd64 (2.41-12+deb13u2) ...
#9 246.0 Selecting previously unselected package libisl23:amd64.
#9 246.0 Preparing to unpack .../20-libisl23_0.27-1_amd64.deb ...
#9 246.0 Unpacking libisl23:amd64 (0.27-1) ...
#9 246.1 Selecting previously unselected package libmpfr6:amd64.
#9 246.1 Preparing to unpack .../21-libmpfr6_4.2.2-1_amd64.deb ...
#9 246.1 Unpacking libmpfr6:amd64 (4.2.2-1) ...
#9 246.2 Selecting previously unselected package libmpc3:amd64.
#9 246.2 Preparing to unpack .../22-libmpc3_1.3.1-1+b3_amd64.deb ...
#9 246.2 Unpacking libmpc3:amd64 (1.3.1-1+b3) ...
#9 246.2 Selecting previously unselected package cpp-14-x86-64-linux-gnu.
#9 246.2 Preparing to unpack .../23-cpp-14-x86-64-linux-gnu_14.2.0-19_amd64.deb ...
#9 246.2 Unpacking cpp-14-x86-64-linux-gnu (14.2.0-19) ...
#9 246.6 Selecting previously unselected package cpp-14.
#9 246.6 Preparing to unpack .../24-cpp-14_14.2.0-19_amd64.deb ...
#9 246.6 Unpacking cpp-14 (14.2.0-19) ...
#9 246.6 Selecting previously unselected package cpp-x86-64-linux-gnu.
#9 246.6 Preparing to unpack .../25-cpp-x86-64-linux-gnu_4%3a14.2.0-1_amd64.deb ...
#9 246.6 Unpacking cpp-x86-64-linux-gnu (4:14.2.0-1) ...
#9 246.6 Selecting previously unselected package cpp.
#9 246.6 Preparing to unpack .../26-cpp_4%3a14.2.0-1_amd64.deb ...
#9 246.6 Unpacking cpp (4:14.2.0-1) ...
#9 246.7 Selecting previously unselected package libcc1-0:amd64.
#9 246.7 Preparing to unpack .../27-libcc1-0_14.2.0-19_amd64.deb ...
#9 246.7 Unpacking libcc1-0:amd64 (14.2.0-19) ...
#9 246.7 Selecting previously unselected package libgomp1:amd64.
#9 246.7 Preparing to unpack .../28-libgomp1_14.2.0-19_amd64.deb ...
#9 246.7 Unpacking libgomp1:amd64 (14.2.0-19) ...
#9 246.8 Selecting previously unselected package libitm1:amd64.
#9 246.8 Preparing to unpack .../29-libitm1_14.2.0-19_amd64.deb ...
#9 246.8 Unpacking libitm1:amd64 (14.2.0-19) ...
#9 246.8 Selecting previously unselected package libatomic1:amd64.
#9 246.8 Preparing to unpack .../30-libatomic1_14.2.0-19_amd64.deb ...
#9 246.8 Unpacking libatomic1:amd64 (14.2.0-19) ...
#9 246.9 Selecting previously unselected package libasan8:amd64.
#9 246.9 Preparing to unpack .../31-libasan8_14.2.0-19_amd64.deb ...
#9 246.9 Unpacking libasan8:amd64 (14.2.0-19) ...
#9 247.0 Selecting previously unselected package liblsan0:amd64.
#9 247.0 Preparing to unpack .../32-liblsan0_14.2.0-19_amd64.deb ...
#9 247.0 Unpacking liblsan0:amd64 (14.2.0-19) ...
#9 247.1 Selecting previously unselected package libtsan2:amd64.
#9 247.1 Preparing to unpack .../33-libtsan2_14.2.0-19_amd64.deb ...
#9 247.1 Unpacking libtsan2:amd64 (14.2.0-19) ...
#9 247.2 Selecting previously unselected package libubsan1:amd64.
#9 247.2 Preparing to unpack .../34-libubsan1_14.2.0-19_amd64.deb ...
#9 247.2 Unpacking libubsan1:amd64 (14.2.0-19) ...
#9 247.3 Selecting previously unselected package libhwasan0:amd64.
#9 247.3 Preparing to unpack .../35-libhwasan0_14.2.0-19_amd64.deb ...
#9 247.3 Unpacking libhwasan0:amd64 (14.2.0-19) ...
#9 247.4 Selecting previously unselected package libquadmath0:amd64.
#9 247.4 Preparing to unpack .../36-libquadmath0_14.2.0-19_amd64.deb ...
#9 247.4 Unpacking libquadmath0:amd64 (14.2.0-19) ...
#9 247.5 Selecting previously unselected package libgcc-14-dev:amd64.
#9 247.5 Preparing to unpack .../37-libgcc-14-dev_14.2.0-19_amd64.deb ...
#9 247.5 Unpacking libgcc-14-dev:amd64 (14.2.0-19) ...
#9 247.6 Selecting previously unselected package gcc-14-x86-64-linux-gnu.
#9 247.6 Preparing to unpack .../38-gcc-14-x86-64-linux-gnu_14.2.0-19_amd64.deb ...
#9 247.6 Unpacking gcc-14-x86-64-linux-gnu (14.2.0-19) ...
#9 248.0 Selecting previously unselected package gcc-14.
#9 248.0 Preparing to unpack .../39-gcc-14_14.2.0-19_amd64.deb ...
#9 248.0 Unpacking gcc-14 (14.2.0-19) ...
#9 248.1 Selecting previously unselected package gcc-x86-64-linux-gnu.
#9 248.1 Preparing to unpack .../40-gcc-x86-64-linux-gnu_4%3a14.2.0-1_amd64.deb ...
#9 248.1 Unpacking gcc-x86-64-linux-gnu (4:14.2.0-1) ...
#9 248.1 Selecting previously unselected package gcc.
#9 248.1 Preparing to unpack .../41-gcc_4%3a14.2.0-1_amd64.deb ...
#9 248.1 Unpacking gcc (4:14.2.0-1) ...
#9 248.1 Selecting previously unselected package libstdc++-14-dev:amd64.
#9 248.1 Preparing to unpack .../42-libstdc++-14-dev_14.2.0-19_amd64.deb ...
#9 248.2 Unpacking libstdc++-14-dev:amd64 (14.2.0-19) ...
#9 248.3 Selecting previously unselected package g++-14-x86-64-linux-gnu.
#9 248.3 Preparing to unpack .../43-g++-14-x86-64-linux-gnu_14.2.0-19_amd64.deb ...
#9 248.3 Unpacking g++-14-x86-64-linux-gnu (14.2.0-19) ...
#9 248.7 Selecting previously unselected package g++-14.
#9 248.7 Preparing to unpack .../44-g++-14_14.2.0-19_amd64.deb ...
#9 248.7 Unpacking g++-14 (14.2.0-19) ...
#9 248.7 Selecting previously unselected package g++-x86-64-linux-gnu.
#9 248.7 Preparing to unpack .../45-g++-x86-64-linux-gnu_4%3a14.2.0-1_amd64.deb ...
#9 248.7 Unpacking g++-x86-64-linux-gnu (4:14.2.0-1) ...
#9 248.7 Selecting previously unselected package g++.
#9 248.7 Preparing to unpack .../46-g++_4%3a14.2.0-1_amd64.deb ...
#9 248.7 Unpacking g++ (4:14.2.0-1) ...
#9 248.8 Selecting previously unselected package make.
#9 248.8 Preparing to unpack .../47-make_4.4.1-2_amd64.deb ...
#9 248.8 Unpacking make (4.4.1-2) ...
#9 248.8 Selecting previously unselected package libdpkg-perl.
#9 248.8 Preparing to unpack .../48-libdpkg-perl_1.22.22_all.deb ...
#9 248.8 Unpacking libdpkg-perl (1.22.22) ...
#9 248.9 Selecting previously unselected package patch.
#9 248.9 Preparing to unpack .../49-patch_2.8-2_amd64.deb ...
#9 248.9 Unpacking patch (2.8-2) ...
#9 248.9 Selecting previously unselected package dpkg-dev.
#9 248.9 Preparing to unpack .../50-dpkg-dev_1.22.22_all.deb ...
#9 248.9 Unpacking dpkg-dev (1.22.22) ...
#9 249.0 Selecting previously unselected package build-essential.
#9 249.0 Preparing to unpack .../51-build-essential_12.12_amd64.deb ...
#9 249.0 Unpacking build-essential (12.12) ...
#9 249.0 Selecting previously unselected package libbrotli1:amd64.
#9 249.0 Preparing to unpack .../52-libbrotli1_1.1.0-2+b7_amd64.deb ...
#9 249.0 Unpacking libbrotli1:amd64 (1.1.0-2+b7) ...
#9 249.1 Selecting previously unselected package libkrb5support0:amd64.
#9 249.1 Preparing to unpack .../53-libkrb5support0_1.21.3-5_amd64.deb ...
#9 249.1 Unpacking libkrb5support0:amd64 (1.21.3-5) ...
#9 249.1 Selecting previously unselected package libcom-err2:amd64.
#9 249.1 Preparing to unpack .../54-libcom-err2_1.47.2-3+b10_amd64.deb ...
#9 249.1 Unpacking libcom-err2:amd64 (1.47.2-3+b10) ...
#9 249.2 Selecting previously unselected package libk5crypto3:amd64.
#9 249.2 Preparing to unpack .../55-libk5crypto3_1.21.3-5_amd64.deb ...
#9 249.2 Unpacking libk5crypto3:amd64 (1.21.3-5) ...
#9 249.2 Selecting previously unselected package libkeyutils1:amd64.
#9 249.2 Preparing to unpack .../56-libkeyutils1_1.6.3-6_amd64.deb ...
#9 249.2 Unpacking libkeyutils1:amd64 (1.6.3-6) ...
#9 249.3 Selecting previously unselected package libkrb5-3:amd64.
#9 249.3 Preparing to unpack .../57-libkrb5-3_1.21.3-5_amd64.deb ...
#9 249.3 Unpacking libkrb5-3:amd64 (1.21.3-5) ...
#9 249.3 Selecting previously unselected package libgssapi-krb5-2:amd64.
#9 249.3 Preparing to unpack .../58-libgssapi-krb5-2_1.21.3-5_amd64.deb ...
#9 249.3 Unpacking libgssapi-krb5-2:amd64 (1.21.3-5) ...
#9 249.4 Selecting previously unselected package libunistring5:amd64.
#9 249.4 Preparing to unpack .../59-libunistring5_1.3-2_amd64.deb ...
#9 249.4 Unpacking libunistring5:amd64 (1.3-2) ...
#9 249.4 Selecting previously unselected package libidn2-0:amd64.
#9 249.4 Preparing to unpack .../60-libidn2-0_2.3.8-2_amd64.deb ...
#9 249.4 Unpacking libidn2-0:amd64 (2.3.8-2) ...
#9 249.5 Selecting previously unselected package libsasl2-modules-db:amd64.
#9 249.5 Preparing to unpack .../61-libsasl2-modules-db_2.1.28+dfsg1-9_amd64.deb ...
#9 249.5 Unpacking libsasl2-modules-db:amd64 (2.1.28+dfsg1-9) ...
#9 249.5 Selecting previously unselected package libsasl2-2:amd64.
#9 249.5 Preparing to unpack .../62-libsasl2-2_2.1.28+dfsg1-9_amd64.deb ...
#9 249.5 Unpacking libsasl2-2:amd64 (2.1.28+dfsg1-9) ...
#9 249.5 Selecting previously unselected package libldap2:amd64.
#9 249.5 Preparing to unpack .../63-libldap2_2.6.10+dfsg-1_amd64.deb ...
#9 249.6 Unpacking libldap2:amd64 (2.6.10+dfsg-1) ...
#9 249.6 Selecting previously unselected package libnghttp2-14:amd64.
#9 249.6 Preparing to unpack .../64-libnghttp2-14_1.64.0-1.1_amd64.deb ...
#9 249.6 Unpacking libnghttp2-14:amd64 (1.64.0-1.1) ...
#9 249.6 Selecting previously unselected package libnghttp3-9:amd64.
#9 249.6 Preparing to unpack .../65-libnghttp3-9_1.8.0-1_amd64.deb ...
#9 249.6 Unpacking libnghttp3-9:amd64 (1.8.0-1) ...
#9 249.7 Selecting previously unselected package libpsl5t64:amd64.
#9 249.7 Preparing to unpack .../66-libpsl5t64_0.21.2-1.1+b1_amd64.deb ...
#9 249.7 Unpacking libpsl5t64:amd64 (0.21.2-1.1+b1) ...
#9 249.7 Selecting previously unselected package libp11-kit0:amd64.
#9 249.7 Preparing to unpack .../67-libp11-kit0_0.25.5-3_amd64.deb ...
#9 249.7 Unpacking libp11-kit0:amd64 (0.25.5-3) ...
#9 249.8 Selecting previously unselected package libtasn1-6:amd64.
#9 249.8 Preparing to unpack .../68-libtasn1-6_4.20.0-2_amd64.deb ...
#9 249.8 Unpacking libtasn1-6:amd64 (4.20.0-2) ...
#9 249.8 Selecting previously unselected package libgnutls30t64:amd64.
#9 249.8 Preparing to unpack .../69-libgnutls30t64_3.8.9-3+deb13u2_amd64.deb ...
#9 249.8 Unpacking libgnutls30t64:amd64 (3.8.9-3+deb13u2) ...
#9 249.9 Selecting previously unselected package librtmp1:amd64.
#9 249.9 Preparing to unpack .../70-librtmp1_2.4+20151223.gitfa8646d.1-2+b5_amd64.deb ...
#9 249.9 Unpacking librtmp1:amd64 (2.4+20151223.gitfa8646d.1-2+b5) ...
#9 250.0 Selecting previously unselected package libssh2-1t64:amd64.
#9 250.0 Preparing to unpack .../71-libssh2-1t64_1.11.1-1_amd64.deb ...
#9 250.0 Unpacking libssh2-1t64:amd64 (1.11.1-1) ...
#9 250.0 Selecting previously unselected package libcurl4t64:amd64.
#9 250.0 Preparing to unpack .../72-libcurl4t64_8.14.1-2+deb13u2_amd64.deb ...
#9 250.0 Unpacking libcurl4t64:amd64 (8.14.1-2+deb13u2) ...
#9 250.1 Selecting previously unselected package curl.
#9 250.1 Preparing to unpack .../73-curl_8.14.1-2+deb13u2_amd64.deb ...
#9 250.1 Unpacking curl (8.14.1-2+deb13u2) ...
#9 250.1 Selecting previously unselected package libpq5:amd64.
#9 250.1 Preparing to unpack .../74-libpq5_17.9-0+deb13u1_amd64.deb ...
#9 250.1 Unpacking libpq5:amd64 (17.9-0+deb13u1) ...
#9 250.2 Selecting previously unselected package libssl-dev:amd64.
#9 250.2 Preparing to unpack .../75-libssl-dev_3.5.5-1~deb13u1_amd64.deb ...
#9 250.2 Unpacking libssl-dev:amd64 (3.5.5-1~deb13u1) ...
#9 250.3 Selecting previously unselected package libpq-dev.
#9 250.3 Preparing to unpack .../76-libpq-dev_17.9-0+deb13u1_amd64.deb ...
#9 250.3 Unpacking libpq-dev (17.9-0+deb13u1) ...
#9 250.4 Setting up libkeyutils1:amd64 (1.6.3-6) ...
#9 250.4 Setting up libgdbm-compat4t64:amd64 (1.24-2) ...
#9 250.4 Setting up libbrotli1:amd64 (1.1.0-2+b7) ...
#9 250.4 Setting up binutils-common:amd64 (2.44-3) ...
#9 250.4 Setting up libnghttp2-14:amd64 (1.64.0-1.1) ...
#9 250.4 Setting up linux-libc-dev (6.12.74-2) ...
#9 250.4 Setting up libctf-nobfd0:amd64 (2.44-3) ...
#9 250.4 Setting up libcom-err2:amd64 (1.47.2-3+b10) ...
#9 250.5 Setting up libgomp1:amd64 (14.2.0-19) ...
#9 250.5 Setting up bzip2 (1.0.8-6) ...
#9 250.5 Setting up libsframe1:amd64 (2.44-3) ...
#9 250.5 Setting up libjansson4:amd64 (2.14-2+b3) ...
#9 250.5 Setting up libkrb5support0:amd64 (1.21.3-5) ...
#9 250.5 Setting up libsasl2-modules-db:amd64 (2.1.28+dfsg1-9) ...
#9 250.5 Setting up rpcsvc-proto (1.4.3-1) ...
#9 250.5 Setting up make (4.4.1-2) ...
#9 250.6 Setting up libmpfr6:amd64 (4.2.2-1) ...
#9 250.6 Setting up xz-utils (5.8.1-1) ...
#9 250.6 update-alternatives: using /usr/bin/xz to provide /usr/bin/lzma (lzma) in auto mode
#9 250.6 update-alternatives: warning: skip creation of /usr/share/man/man1/lzma.1.gz because associated file /usr/share/man/man1/xz.1.gz (of link group lzma) doesn't exist
#9 250.6 update-alternatives: warning: skip creation of /usr/share/man/man1/unlzma.1.gz because associated file /usr/share/man/man1/unxz.1.gz (of link group lzma) doesn't exist
#9 250.6 update-alternatives: warning: skip creation of /usr/share/man/man1/lzcat.1.gz because associated file /usr/share/man/man1/xzcat.1.gz (of link group lzma) doesn't exist
#9 250.6 update-alternatives: warning: skip creation of /usr/share/man/man1/lzmore.1.gz because associated file /usr/share/man/man1/xzmore.1.gz (of link group lzma) doesn't exist
#9 250.6 update-alternatives: warning: skip creation of /usr/share/man/man1/lzless.1.gz because associated file /usr/share/man/man1/xzless.1.gz (of link group lzma) doesn't exist
#9 250.6 update-alternatives: warning: skip creation of /usr/share/man/man1/lzdiff.1.gz because associated file /usr/share/man/man1/xzdiff.1.gz (of link group lzma) doesn't exist
#9 250.6 update-alternatives: warning: skip creation of /usr/share/man/man1/lzcmp.1.gz because associated file /usr/share/man/man1/xzcmp.1.gz (of link group lzma) doesn't exist
#9 250.6 update-alternatives: warning: skip creation of /usr/share/man/man1/lzgrep.1.gz because associated file /usr/share/man/man1/xzgrep.1.gz (of link group lzma) doesn't exist
#9 250.6 update-alternatives: warning: skip creation of /usr/share/man/man1/lzegrep.1.gz because associated file /usr/share/man/man1/xzegrep.1.gz (of link group lzma) doesn't exist
#9 250.6 update-alternatives: warning: skip creation of /usr/share/man/man1/lzfgrep.1.gz because associated file /usr/share/man/man1/xzfgrep.1.gz (of link group lzma) doesn't exist
#9 250.6 Setting up libquadmath0:amd64 (14.2.0-19) ...
#9 250.6 Setting up libp11-kit0:amd64 (0.25.5-3) ...
#9 250.6 Setting up libunistring5:amd64 (1.3-2) ...
#9 250.6 Setting up libssl-dev:amd64 (3.5.5-1~deb13u1) ...
#9 250.6 Setting up libmpc3:amd64 (1.3.1-1+b3) ...
#9 250.7 Setting up libatomic1:amd64 (14.2.0-19) ...
#9 250.7 Setting up patch (2.8-2) ...
#9 250.7 Setting up libk5crypto3:amd64 (1.21.3-5) ...
#9 250.7 Setting up libsasl2-2:amd64 (2.1.28+dfsg1-9) ...
#9 250.7 Setting up libnghttp3-9:amd64 (1.8.0-1) ...
#9 250.7 Setting up libubsan1:amd64 (14.2.0-19) ...
#9 250.7 Setting up perl-modules-5.40 (5.40.1-6) ...
#9 250.7 Setting up libhwasan0:amd64 (14.2.0-19) ...
#9 250.8 Setting up libcrypt-dev:amd64 (1:4.4.38-1) ...
#9 250.8 Setting up libasan8:amd64 (14.2.0-19) ...
#9 250.8 Setting up libtasn1-6:amd64 (4.20.0-2) ...
#9 250.8 Setting up libkrb5-3:amd64 (1.21.3-5) ...
#9 250.8 Setting up libssh2-1t64:amd64 (1.11.1-1) ...
#9 250.8 Setting up libtsan2:amd64 (14.2.0-19) ...
#9 250.8 Setting up libbinutils:amd64 (2.44-3) ...
#9 250.9 Setting up libisl23:amd64 (0.27-1) ...
#9 250.9 Setting up libc-dev-bin (2.41-12+deb13u2) ...
#9 250.9 Setting up libcc1-0:amd64 (14.2.0-19) ...
#9 250.9 Setting up libldap2:amd64 (2.6.10+dfsg-1) ...
#9 250.9 Setting up liblsan0:amd64 (14.2.0-19) ...
#9 250.9 Setting up libitm1:amd64 (14.2.0-19) ...
#9 250.9 Setting up libctf0:amd64 (2.44-3) ...
#9 250.9 Setting up libidn2-0:amd64 (2.3.8-2) ...
#9 251.0 Setting up libperl5.40:amd64 (5.40.1-6) ...
#9 251.0 Setting up perl (5.40.1-6) ...
#9 251.0 Setting up libgprofng0:amd64 (2.44-3) ...
#9 251.0 Setting up libgssapi-krb5-2:amd64 (1.21.3-5) ...
#9 251.0 Setting up cpp-14-x86-64-linux-gnu (14.2.0-19) ...
#9 251.0 Setting up libdpkg-perl (1.22.22) ...
#9 251.0 Setting up cpp-14 (14.2.0-19) ...
#9 251.1 Setting up libc6-dev:amd64 (2.41-12+deb13u2) ...
#9 251.1 Setting up libgcc-14-dev:amd64 (14.2.0-19) ...
#9 251.1 Setting up libstdc++-14-dev:amd64 (14.2.0-19) ...
#9 251.1 Setting up binutils-x86-64-linux-gnu (2.44-3) ...
#9 251.1 Setting up cpp-x86-64-linux-gnu (4:14.2.0-1) ...
#9 251.1 Setting up libgnutls30t64:amd64 (3.8.9-3+deb13u2) ...
#9 251.1 Setting up libpsl5t64:amd64 (0.21.2-1.1+b1) ...
#9 251.1 Setting up libpq5:amd64 (17.9-0+deb13u1) ...
#9 251.2 Setting up libpq-dev (17.9-0+deb13u1) ...
#9 251.2 Setting up binutils (2.44-3) ...
#9 251.2 Setting up dpkg-dev (1.22.22) ...
#9 251.2 Setting up librtmp1:amd64 (2.4+20151223.gitfa8646d.1-2+b5) ...
#9 251.2 Setting up cpp (4:14.2.0-1) ...
#9 251.2 Setting up gcc-14-x86-64-linux-gnu (14.2.0-19) ...
#9 251.3 Setting up gcc-x86-64-linux-gnu (4:14.2.0-1) ...
#9 251.3 Setting up libcurl4t64:amd64 (8.14.1-2+deb13u2) ...
#9 251.3 Setting up gcc-14 (14.2.0-19) ...
#9 251.3 Setting up g++-14-x86-64-linux-gnu (14.2.0-19) ...
#9 251.3 Setting up g++-x86-64-linux-gnu (4:14.2.0-1) ...
#9 251.3 Setting up curl (8.14.1-2+deb13u2) ...
#9 251.3 Setting up g++-14 (14.2.0-19) ...
#9 251.3 Setting up gcc (4:14.2.0-1) ...
#9 251.4 Setting up g++ (4:14.2.0-1) ...
#9 251.4 update-alternatives: using /usr/bin/g++ to provide /usr/bin/c++ (c++) in auto mode
#9 251.4 Setting up build-essential (12.12) ...
#9 251.4 Processing triggers for libc-bin (2.41-12+deb13u2) ...
#9 DONE 251.6s

#10 [4/7] COPY requirements.txt .
#10 DONE 0.1s

#11 [5/7] RUN pip install --no-cache-dir -r requirements.txt
#11 1.684 Collecting fastapi==0.111.0 (from -r requirements.txt (line 1))
#11 2.188   Downloading fastapi-0.111.0-py3-none-any.whl.metadata (25 kB)
#11 2.252 Collecting uvicorn==0.29.0 (from uvicorn[standard]==0.29.0->-r requirements.txt (line 2))
#11 2.377   Downloading uvicorn-0.29.0-py3-none-any.whl.metadata (6.3 kB)
#11 2.730 Collecting sqlalchemy==2.0.30 (from sqlalchemy[asyncio]==2.0.30->-r requirements.txt (line 3))
#11 2.855   Downloading SQLAlchemy-2.0.30-cp311-cp311-manylinux_2_17_x86_64.manylinux2014_x86_64.whl.metadata (9.6 kB)
#11 2.944 Collecting asyncpg==0.29.0 (from -r requirements.txt (line 4))
#11 3.071   Downloading asyncpg-0.29.0-cp311-cp311-manylinux_2_17_x86_64.manylinux2014_x86_64.whl.metadata (4.4 kB)
#11 3.129 Collecting alembic==1.13.1 (from -r requirements.txt (line 5))
#11 3.255   Downloading alembic-1.13.1-py3-none-any.whl.metadata (7.4 kB)
#11 3.327 Collecting redis==5.0.4 (from redis[hiredis]==5.0.4->-r requirements.txt (line 6))
#11 3.452   Downloading redis-5.0.4-py3-none-any.whl.metadata (9.3 kB)
#11 3.527 Collecting celery==5.3.6 (from celery[redis]==5.3.6->-r requirements.txt (line 7))
#11 3.653   Downloading celery-5.3.6-py3-none-any.whl.metadata (21 kB)
#11 3.723 Collecting httpx==0.27.0 (from -r requirements.txt (line 8))
#11 3.849   Downloading httpx-0.27.0-py3-none-any.whl.metadata (7.2 kB)
#11 4.082 Collecting pydantic==2.7.1 (from -r requirements.txt (line 9))
#11 4.209   Downloading pydantic-2.7.1-py3-none-any.whl.metadata (107 kB)
#11 4.380      ΓöüΓöüΓöüΓöüΓöüΓöüΓöüΓöüΓöüΓöüΓöüΓöüΓöüΓöüΓöüΓöüΓöüΓöüΓöüΓöüΓöüΓöüΓöüΓöüΓöüΓöüΓöüΓöüΓöüΓöüΓöüΓöüΓöüΓöüΓöüΓöüΓöü 107.3/107.3 kB 651.4 kB/s eta 0:00:00
#11 4.417 Collecting pydantic-settings==2.2.1 (from -r requirements.txt (line 10))
#11 4.541   Downloading pydantic_settings-2.2.1-py3-none-any.whl.metadata (3.1 kB)
#11 4.619 Collecting faiss-cpu==1.8.0 (from -r requirements.txt (line 11))
#11 4.835   Downloading faiss_cpu-1.8.0-cp311-cp311-manylinux_2_17_x86_64.manylinux2014_x86_64.whl.metadata (3.6 kB)
#11 5.288 Collecting numpy==1.26.4 (from -r requirements.txt (line 12))
#11 5.412   Downloading numpy-1.26.4-cp311-cp311-manylinux_2_17_x86_64.manylinux2014_x86_64.whl.metadata (61 kB)
#11 5.441      ΓöüΓöüΓöüΓöüΓöüΓöüΓöüΓöüΓöüΓöüΓöüΓöüΓöüΓöüΓöüΓöüΓöüΓöüΓöüΓöüΓöüΓöüΓöüΓöüΓöüΓöüΓöüΓöüΓöüΓöüΓöüΓöüΓöüΓöüΓöüΓöüΓöüΓöüΓöüΓöü 61.0/61.0 kB 2.3 MB/s eta 0:00:00
#11 5.504 Collecting sentence-transformers==3.0.1 (from -r requirements.txt (line 13))
#11 5.630   Downloading sentence_transformers-3.0.1-py3-none-any.whl.metadata (10 kB)
#11 5.666 Collecting python-jose==3.3.0 (from python-jose[cryptography]==3.3.0->-r requirements.txt (line 14))
#11 5.790   Downloading python_jose-3.3.0-py2.py3-none-any.whl.metadata (5.4 kB)
#11 5.826 Collecting passlib==1.7.4 (from passlib[bcrypt]==1.7.4->-r requirements.txt (line 15))
#11 5.951   Downloading passlib-1.7.4-py2.py3-none-any.whl.metadata (1.7 kB)
#11 5.983 Collecting python-multipart==0.0.9 (from -r requirements.txt (line 16))
#11 6.107   Downloading python_multipart-0.0.9-py3-none-any.whl.metadata (2.5 kB)
#11 6.177 Collecting networkx==3.3 (from -r requirements.txt (line 17))
#11 6.303   Downloading networkx-3.3-py3-none-any.whl.metadata (5.1 kB)
#11 6.565 Collecting python-louvain==0.16 (from -r requirements.txt (line 18))
#11 6.689   Downloading python-louvain-0.16.tar.gz (204 kB)
#11 6.935      ΓöüΓöüΓöüΓöüΓöüΓöüΓöüΓöüΓöüΓöüΓöüΓöüΓöüΓöüΓöüΓöüΓöüΓöüΓöüΓöüΓöüΓöüΓöüΓöüΓöüΓöüΓöüΓöüΓöüΓöüΓöüΓöüΓöüΓöüΓöüΓöüΓöü 204.6/204.6 kB 817.1 kB/s eta 0:00:00
#11 6.948   Preparing metadata (setup.py): started
#11 7.207   Preparing metadata (setup.py): finished with status 'done'
#11 7.891 Collecting lxml==5.2.1 (from -r requirements.txt (line 19))
#11 8.017   Downloading lxml-5.2.1-cp311-cp311-manylinux_2_28_x86_64.whl.metadata (3.4 kB)
#11 8.048 Collecting feedparser==6.0.11 (from -r requirements.txt (line 20))
#11 8.176   Downloading feedparser-6.0.11-py3-none-any.whl.metadata (2.4 kB)
#11 8.232 Collecting beautifulsoup4==4.12.3 (from -r requirements.txt (line 21))
#11 8.357   Downloading beautifulsoup4-4.12.3-py3-none-any.whl.metadata (3.8 kB)
#11 8.405 Collecting tenacity==8.3.0 (from -r requirements.txt (line 22))
#11 8.531   Downloading tenacity-8.3.0-py3-none-any.whl.metadata (1.2 kB)
#11 8.571 Collecting structlog==24.2.0 (from -r requirements.txt (line 23))
#11 8.696   Downloading structlog-24.2.0-py3-none-any.whl.metadata (7.9 kB)
#11 8.735 Collecting prometheus-fastapi-instrumentator==7.0.0 (from -r requirements.txt (line 24))
#11 8.861   Downloading prometheus_fastapi_instrumentator-7.0.0-py3-none-any.whl.metadata (13 kB)
#11 8.918 Collecting prometheus-client==0.20.0 (from -r requirements.txt (line 25))
#11 9.043   Downloading prometheus_client-0.20.0-py3-none-any.whl.metadata (1.8 kB)
#11 9.074 Collecting aiofiles==23.2.1 (from -r requirements.txt (line 26))
#11 9.199   Downloading aiofiles-23.2.1-py3-none-any.whl.metadata (9.7 kB)
#11 9.339 Collecting tiktoken==0.7.0 (from -r requirements.txt (line 27))
#11 9.467   Downloading tiktoken-0.7.0-cp311-cp311-manylinux_2_17_x86_64.manylinux2014_x86_64.whl.metadata (6.6 kB)
#11 9.493 Collecting rank-bm25==0.2.2 (from -r requirements.txt (line 28))
#11 9.619   Downloading rank_bm25-0.2.2-py3-none-any.whl.metadata (3.2 kB)
#11 9.805 Collecting starlette<0.38.0,>=0.37.2 (from fastapi==0.111.0->-r requirements.txt (line 1))
#11 9.932   Downloading starlette-0.37.2-py3-none-any.whl.metadata (5.9 kB)
#11 10.02 Collecting typing-extensions>=4.8.0 (from fastapi==0.111.0->-r requirements.txt (line 1))
#11 10.14   Downloading typing_extensions-4.15.0-py3-none-any.whl.metadata (3.3 kB)
#11 10.18 Collecting fastapi-cli>=0.0.2 (from fastapi==0.111.0->-r requirements.txt (line 1))
#11 10.30   Downloading fastapi_cli-0.0.24-py3-none-any.whl.metadata (6.4 kB)
#11 10.37 Collecting jinja2>=2.11.2 (from fastapi==0.111.0->-r requirements.txt (line 1))
#11 10.50   Downloading jinja2-3.1.6-py3-none-any.whl.metadata (2.9 kB)
#11 10.83 Collecting ujson!=4.0.2,!=4.1.0,!=4.2.0,!=4.3.0,!=5.0.0,!=5.1.0,>=4.0.1 (from fastapi==0.111.0->-r requirements.txt (line 1))
#11 10.96   Downloading ujson-5.12.0-cp311-cp311-manylinux_2_24_x86_64.manylinux_2_28_x86_64.whl.metadata (9.6 kB)
#11 12.18 Collecting orjson>=3.2.1 (from fastapi==0.111.0->-r requirements.txt (line 1))
#11 12.31   Downloading orjson-3.11.7-cp311-cp311-manylinux_2_17_x86_64.manylinux2014_x86_64.whl.metadata (41 kB)
#11 12.32      ΓöüΓöüΓöüΓöüΓöüΓöüΓöüΓöüΓöüΓöüΓöüΓöüΓöüΓöüΓöüΓöüΓöüΓöüΓöüΓöüΓöüΓöüΓöüΓöüΓöüΓöüΓöüΓöüΓöüΓöüΓöüΓöüΓöüΓöüΓöüΓöüΓöüΓöüΓöüΓöü 42.0/42.0 kB 4.5 MB/s eta 0:00:00
#11 12.38 Collecting email_validator>=2.0.0 (from fastapi==0.111.0->-r requirements.txt (line 1))
#11 12.51   Downloading email_validator-2.3.0-py3-none-any.whl.metadata (26 kB)
#11 12.69 Collecting click>=7.0 (from uvicorn==0.29.0->uvicorn[standard]==0.29.0->-r requirements.txt (line 2))
#11 12.82   Downloading click-8.3.1-py3-none-any.whl.metadata (2.6 kB)
#11 12.88 Collecting h11>=0.8 (from uvicorn==0.29.0->uvicorn[standard]==0.29.0->-r requirements.txt (line 2))
#11 13.00   Downloading h11-0.16.0-py3-none-any.whl.metadata (8.3 kB)
#11 13.72 Collecting greenlet!=0.4.17 (from sqlalchemy==2.0.30->sqlalchemy[asyncio]==2.0.30->-r requirements.txt (line 3))
#11 13.84   Downloading greenlet-3.3.2-cp311-cp311-manylinux_2_24_x86_64.manylinux_2_28_x86_64.whl.metadata (3.7 kB)
#11 13.90 Collecting async-timeout>=4.0.3 (from asyncpg==0.29.0->-r requirements.txt (line 4))
#11 14.02   Downloading async_timeout-5.0.1-py3-none-any.whl.metadata (5.1 kB)
#11 14.10 Collecting Mako (from alembic==1.13.1->-r requirements.txt (line 5))
#11 14.23   Downloading mako-1.3.10-py3-none-any.whl.metadata (2.9 kB)
#11 14.45 Collecting billiard<5.0,>=4.2.0 (from celery==5.3.6->celery[redis]==5.3.6->-r requirements.txt (line 7))
#11 14.58   Downloading billiard-4.2.4-py3-none-any.whl.metadata (4.8 kB)
#11 14.63 Collecting click-didyoumean>=0.3.0 (from celery==5.3.6->celery[redis]==5.3.6->-r requirements.txt (line 7))
#11 14.75   Downloading click_didyoumean-0.3.1-py3-none-any.whl.metadata (3.9 kB)
#11 14.81 Collecting click-plugins>=1.1.1 (from celery==5.3.6->celery[redis]==5.3.6->-r requirements.txt (line 7))
#11 14.93   Downloading click_plugins-1.1.1.2-py2.py3-none-any.whl.metadata (6.5 kB)
#11 14.99 Collecting click-repl>=0.2.0 (from celery==5.3.6->celery[redis]==5.3.6->-r requirements.txt (line 7))
#11 15.11   Downloading click_repl-0.3.0-py3-none-any.whl.metadata (3.6 kB)
#11 15.58 Collecting kombu<6.0,>=5.3.4 (from celery==5.3.6->celery[redis]==5.3.6->-r requirements.txt (line 7))
#11 15.70   Downloading kombu-5.6.2-py3-none-any.whl.metadata (3.5 kB)
#11 15.78 Collecting python-dateutil>=2.8.2 (from celery==5.3.6->celery[redis]==5.3.6->-r requirements.txt (line 7))
#11 15.91   Downloading python_dateutil-2.9.0.post0-py2.py3-none-any.whl.metadata (8.4 kB)
#11 15.98 Collecting tzdata>=2022.7 (from celery==5.3.6->celery[redis]==5.3.6->-r requirements.txt (line 7))
#11 16.10   Downloading tzdata-2025.3-py2.py3-none-any.whl.metadata (1.4 kB)
#11 16.15 Collecting vine<6.0,>=5.1.0 (from celery==5.3.6->celery[redis]==5.3.6->-r requirements.txt (line 7))
#11 16.27   Downloading vine-5.1.0-py3-none-any.whl.metadata (2.7 kB)
#11 16.37 Collecting anyio (from httpx==0.27.0->-r requirements.txt (line 8))
#11 16.50   Downloading anyio-4.13.0-py3-none-any.whl.metadata (4.5 kB)
#11 16.58 Collecting certifi (from httpx==0.27.0->-r requirements.txt (line 8))
#11 16.71   Downloading certifi-2026.2.25-py3-none-any.whl.metadata (2.5 kB)
#11 16.78 Collecting httpcore==1.* (from httpx==0.27.0->-r requirements.txt (line 8))
#11 16.91   Downloading httpcore-1.0.9-py3-none-any.whl.metadata (21 kB)
#11 16.96 Collecting idna (from httpx==0.27.0->-r requirements.txt (line 8))
#11 17.08   Downloading idna-3.11-py3-none-any.whl.metadata (8.4 kB)
#11 17.11 Collecting sniffio (from httpx==0.27.0->-r requirements.txt (line 8))
#11 17.24   Downloading sniffio-1.3.1-py3-none-any.whl.metadata (3.9 kB)
#11 17.27 Collecting annotated-types>=0.4.0 (from pydantic==2.7.1->-r requirements.txt (line 9))
#11 17.40   Downloading annotated_types-0.7.0-py3-none-any.whl.metadata (15 kB)
#11 23.65 Collecting pydantic-core==2.18.2 (from pydantic==2.7.1->-r requirements.txt (line 9))
#11 23.78   Downloading pydantic_core-2.18.2-cp311-cp311-manylinux_2_17_x86_64.manylinux2014_x86_64.whl.metadata (6.5 kB)
#11 23.93 Collecting python-dotenv>=0.21.0 (from pydantic-settings==2.2.1->-r requirements.txt (line 10))
#11 24.05   Downloading python_dotenv-1.2.2-py3-none-any.whl.metadata (27 kB)
#11 24.63 Collecting transformers<5.0.0,>=4.34.0 (from sentence-transformers==3.0.1->-r requirements.txt (line 13))
#11 24.76   Downloading transformers-4.57.6-py3-none-any.whl.metadata (43 kB)
#11 24.77      ΓöüΓöüΓöüΓöüΓöüΓöüΓöüΓöüΓöüΓöüΓöüΓöüΓöüΓöüΓöüΓöüΓöüΓöüΓöüΓöüΓöüΓöüΓöüΓöüΓöüΓöüΓöüΓöüΓöüΓöüΓöüΓöüΓöüΓöüΓöüΓöüΓöüΓöüΓöüΓöü 44.0/44.0 kB 4.4 MB/s eta 0:00:00
#11 25.06 Collecting tqdm (from sentence-transformers==3.0.1->-r requirements.txt (line 13))
#11 25.19   Downloading tqdm-4.67.3-py3-none-any.whl.metadata (57 kB)
#11 25.32      ΓöüΓöüΓöüΓöüΓöüΓöüΓöüΓöüΓöüΓöüΓöüΓöüΓöüΓöüΓöüΓöüΓöüΓöüΓöüΓöüΓöüΓöüΓöüΓöüΓöüΓöüΓöüΓöüΓöüΓöüΓöüΓöüΓöüΓöüΓöüΓöüΓöüΓöüΓöü 57.7/57.7 kB 374.7 kB/s eta 0:00:00
#11 26.00 Collecting torch>=1.11.0 (from sentence-transformers==3.0.1->-r requirements.txt (line 13))
#11 26.13   Downloading torch-2.11.0-cp311-cp311-manylinux_2_28_x86_64.whl.metadata (29 kB)
#11 27.28 Collecting scikit-learn (from sentence-transformers==3.0.1->-r requirements.txt (line 13))
#11 27.41   Downloading scikit_learn-1.8.0-cp311-cp311-manylinux_2_27_x86_64.manylinux_2_28_x86_64.whl.metadata (11 kB)
#11 28.70 Collecting scipy (from sentence-transformers==3.0.1->-r requirements.txt (line 13))
#11 28.83   Downloading scipy-1.17.1-cp311-cp311-manylinux_2_27_x86_64.manylinux_2_28_x86_64.whl.metadata (62 kB)
#11 28.87      ΓöüΓöüΓöüΓöüΓöüΓöüΓöüΓöüΓöüΓöüΓöüΓöüΓöüΓöüΓöüΓöüΓöüΓöüΓöüΓöüΓöüΓöüΓöüΓöüΓöüΓöüΓöüΓöüΓöüΓöüΓöüΓöüΓöüΓöüΓöüΓöüΓöüΓöüΓöüΓöü 62.1/62.1 kB 1.7 MB/s eta 0:00:00
#11 29.10 Collecting huggingface-hub>=0.15.1 (from sentence-transformers==3.0.1->-r requirements.txt (line 13))
#11 29.23   Downloading huggingface_hub-1.7.2-py3-none-any.whl.metadata (13 kB)
#11 30.77 Collecting Pillow (from sentence-transformers==3.0.1->-r requirements.txt (line 13))
#11 30.90   Downloading pillow-12.1.1-cp311-cp311-manylinux_2_27_x86_64.manylinux_2_28_x86_64.whl.metadata (8.8 kB)
#11 30.94 Collecting ecdsa!=0.15 (from python-jose==3.3.0->python-jose[cryptography]==3.3.0->-r requirements.txt (line 14))
#11 31.07   Downloading ecdsa-0.19.1-py2.py3-none-any.whl.metadata (29 kB)
#11 31.14 Collecting rsa (from python-jose==3.3.0->python-jose[cryptography]==3.3.0->-r requirements.txt (line 14))
#11 31.27   Downloading rsa-4.9.1-py3-none-any.whl.metadata (5.6 kB)
#11 31.40 Collecting pyasn1 (from python-jose==3.3.0->python-jose[cryptography]==3.3.0->-r requirements.txt (line 14))
#11 31.53   Downloading pyasn1-0.6.3-py3-none-any.whl.metadata (8.4 kB)
#11 31.60 Collecting sgmllib3k (from feedparser==6.0.11->-r requirements.txt (line 20))
#11 31.73   Downloading sgmllib3k-1.0.0.tar.gz (5.8 kB)
#11 31.73   Preparing metadata (setup.py): started
#11 31.82   Preparing metadata (setup.py): finished with status 'done'
#11 31.89 Collecting soupsieve>1.2 (from beautifulsoup4==4.12.3->-r requirements.txt (line 21))
#11 32.01   Downloading soupsieve-2.8.3-py3-none-any.whl.metadata (4.6 kB)
#11 34.58 Collecting regex>=2022.1.18 (from tiktoken==0.7.0->-r requirements.txt (line 27))
#11 34.71   Downloading regex-2026.2.28-cp311-cp311-manylinux2014_x86_64.manylinux_2_17_x86_64.manylinux_2_28_x86_64.whl.metadata (40 kB)
#11 34.74      ΓöüΓöüΓöüΓöüΓöüΓöüΓöüΓöüΓöüΓöüΓöüΓöüΓöüΓöüΓöüΓöüΓöüΓöüΓöüΓöüΓöüΓöüΓöüΓöüΓöüΓöüΓöüΓöüΓöüΓöüΓöüΓöüΓöüΓöüΓöüΓöüΓöüΓöüΓöüΓöü 40.4/40.4 kB 1.6 MB/s eta 0:00:00
#11 34.94 Collecting requests>=2.26.0 (from tiktoken==0.7.0->-r requirements.txt (line 27))
#11 35.10   Downloading requests-2.32.5-py3-none-any.whl.metadata (4.9 kB)
#11 35.39 Collecting bcrypt>=3.1.0 (from passlib[bcrypt]==1.7.4->-r requirements.txt (line 15))
#11 35.51   Downloading bcrypt-5.0.0-cp39-abi3-manylinux_2_34_x86_64.whl.metadata (10 kB)
#11 36.22 Collecting cryptography>=3.4.0 (from python-jose[cryptography]==3.3.0->-r requirements.txt (line 14))
#11 36.34   Downloading cryptography-46.0.5-cp311-abi3-manylinux_2_34_x86_64.whl.metadata (5.7 kB)
#11 37.19 Collecting hiredis>=1.0.0 (from redis[hiredis]==5.0.4->-r requirements.txt (line 6))
#11 37.32   Downloading hiredis-3.3.1-cp311-cp311-manylinux2014_x86_64.manylinux_2_17_x86_64.manylinux_2_28_x86_64.whl.metadata (7.5 kB)
#11 37.48 Collecting httptools>=0.5.0 (from uvicorn[standard]==0.29.0->-r requirements.txt (line 2))
#11 37.61   Downloading httptools-0.7.1-cp311-cp311-manylinux1_x86_64.manylinux_2_28_x86_64.manylinux_2_5_x86_64.whl.metadata (3.5 kB)
#11 37.86 Collecting pyyaml>=5.1 (from uvicorn[standard]==0.29.0->-r requirements.txt (line 2))
#11 37.99   Downloading pyyaml-6.0.3-cp311-cp311-manylinux2014_x86_64.manylinux_2_17_x86_64.manylinux_2_28_x86_64.whl.metadata (2.4 kB)
#11 38.16 Collecting uvloop!=0.15.0,!=0.15.1,>=0.14.0 (from uvicorn[standard]==0.29.0->-r requirements.txt (line 2))
#11 38.28   Downloading uvloop-0.22.1-cp311-cp311-manylinux2014_x86_64.manylinux_2_17_x86_64.manylinux_2_28_x86_64.whl.metadata (4.9 kB)
#11 38.63 Collecting watchfiles>=0.13 (from uvicorn[standard]==0.29.0->-r requirements.txt (line 2))
#11 38.75   Downloading watchfiles-1.1.1-cp311-cp311-manylinux_2_17_x86_64.manylinux2014_x86_64.whl.metadata (4.9 kB)
#11 39.26 Collecting websockets>=10.4 (from uvicorn[standard]==0.29.0->-r requirements.txt (line 2))
#11 39.39   Downloading websockets-16.0-cp311-cp311-manylinux1_x86_64.manylinux_2_28_x86_64.manylinux_2_5_x86_64.whl.metadata (6.8 kB)
#11 39.53 Collecting prompt-toolkit>=3.0.36 (from click-repl>=0.2.0->celery==5.3.6->celery[redis]==5.3.6->-r requirements.txt (line 7))
#11 39.66   Downloading prompt_toolkit-3.0.52-py3-none-any.whl.metadata (6.4 kB)
#11 40.46 Collecting cffi>=2.0.0 (from cryptography>=3.4.0->python-jose[cryptography]==3.3.0->-r requirements.txt (line 14))
#11 40.59   Downloading cffi-2.0.0-cp311-cp311-manylinux2014_x86_64.manylinux_2_17_x86_64.whl.metadata (2.6 kB)
#11 40.66 Collecting six>=1.9.0 (from ecdsa!=0.15->python-jose==3.3.0->python-jose[cryptography]==3.3.0->-r requirements.txt (line 14))
#11 40.78   Downloading six-1.17.0-py2.py3-none-any.whl.metadata (1.7 kB)
#11 40.86 Collecting dnspython>=2.0.0 (from email_validator>=2.0.0->fastapi==0.111.0->-r requirements.txt (line 1))
#11 41.00   Downloading dnspython-2.8.0-py3-none-any.whl.metadata (5.7 kB)
#11 41.11 Collecting typer>=0.16.0 (from fastapi-cli>=0.0.2->fastapi==0.111.0->-r requirements.txt (line 1))
#11 41.23   Downloading typer-0.24.1-py3-none-any.whl.metadata (16 kB)
#11 41.37 Collecting rich-toolkit>=0.14.8 (from fastapi-cli>=0.0.2->fastapi==0.111.0->-r requirements.txt (line 1))
#11 41.50   Downloading rich_toolkit-0.19.7-py3-none-any.whl.metadata (1.0 kB)
#11 41.65 Collecting filelock>=3.10.0 (from huggingface-hub>=0.15.1->sentence-transformers==3.0.1->-r requirements.txt (line 13))
#11 41.78   Downloading filelock-3.25.2-py3-none-any.whl.metadata (2.0 kB)
#11 41.87 Collecting fsspec>=2023.5.0 (from huggingface-hub>=0.15.1->sentence-transformers==3.0.1->-r requirements.txt (line 13))
#11 42.00   Downloading fsspec-2026.2.0-py3-none-any.whl.metadata (10 kB)
#11 42.24 Collecting hf-xet<2.0.0,>=1.4.2 (from huggingface-hub>=0.15.1->sentence-transformers==3.0.1->-r requirements.txt (line 13))
#11 42.37   Downloading hf_xet-1.4.2-cp37-abi3-manylinux2014_x86_64.manylinux_2_17_x86_64.whl.metadata (4.9 kB)
#11 42.43 Collecting packaging>=20.9 (from huggingface-hub>=0.15.1->sentence-transformers==3.0.1->-r requirements.txt (line 13))
#11 42.55   Downloading packaging-26.0-py3-none-any.whl.metadata (3.3 kB)
#11 42.80 Collecting MarkupSafe>=2.0 (from jinja2>=2.11.2->fastapi==0.111.0->-r requirements.txt (line 1))
#11 42.93   Downloading markupsafe-3.0.3-cp311-cp311-manylinux2014_x86_64.manylinux_2_17_x86_64.manylinux_2_28_x86_64.whl.metadata (2.7 kB)
#11 43.02 Collecting amqp<6.0.0,>=5.1.1 (from kombu<6.0,>=5.3.4->celery==5.3.6->celery[redis]==5.3.6->-r requirements.txt (line 7))
#11 43.14   Downloading amqp-5.3.1-py3-none-any.whl.metadata (8.9 kB)
#11 43.76 Collecting charset_normalizer<4,>=2 (from requests>=2.26.0->tiktoken==0.7.0->-r requirements.txt (line 27))
#11 43.89   Downloading charset_normalizer-3.4.6-cp311-cp311-manylinux2014_x86_64.manylinux_2_17_x86_64.manylinux_2_28_x86_64.whl.metadata (40 kB)
#11 43.92      ΓöüΓöüΓöüΓöüΓöüΓöüΓöüΓöüΓöüΓöüΓöüΓöüΓöüΓöüΓöüΓöüΓöüΓöüΓöüΓöüΓöüΓöüΓöüΓöüΓöüΓöüΓöüΓöüΓöüΓöüΓöüΓöüΓöüΓöüΓöüΓöüΓöüΓöüΓöüΓöü 40.6/40.6 kB 1.8 MB/s eta 0:00:00
#11 44.04 Collecting urllib3<3,>=1.21.1 (from requests>=2.26.0->tiktoken==0.7.0->-r requirements.txt (line 27))
#11 44.17   Downloading urllib3-2.6.3-py3-none-any.whl.metadata (6.9 kB)
#11 44.23 Requirement already satisfied: setuptools<82 in /usr/local/lib/python3.11/site-packages (from torch>=1.11.0->sentence-transformers==3.0.1->-r requirements.txt (line 13)) (79.0.1)
#11 44.30 Collecting sympy>=1.13.3 (from torch>=1.11.0->sentence-transformers==3.0.1->-r requirements.txt (line 13))
#11 44.42   Downloading sympy-1.14.0-py3-none-any.whl.metadata (12 kB)
#11 44.47 Collecting cuda-toolkit==13.0.2 (from cuda-toolkit[cublas,cudart,cufft,cufile,cupti,curand,cusolver,cusparse,nvjitlink,nvrtc,nvtx]==13.0.2; platform_system == "Linux"->torch>=1.11.0->sentence-transformers==3.0.1->-r requirements.txt (line 13))
#11 44.60   Downloading cuda_toolkit-13.0.2-py2.py3-none-any.whl.metadata (9.4 kB)
#11 44.70 Collecting cuda-bindings<14,>=13.0.3 (from torch>=1.11.0->sentence-transformers==3.0.1->-r requirements.txt (line 13))
#11 44.83   Downloading cuda_bindings-13.2.0-cp311-cp311-manylinux_2_24_x86_64.manylinux_2_28_x86_64.whl.metadata (2.3 kB)
#11 44.86 Collecting nvidia-cudnn-cu13==9.19.0.56 (from torch>=1.11.0->sentence-transformers==3.0.1->-r requirements.txt (line 13))
#11 44.99   Downloading nvidia_cudnn_cu13-9.19.0.56-py3-none-manylinux_2_27_x86_64.whl.metadata (1.9 kB)
#11 45.02 Collecting nvidia-cusparselt-cu13==0.8.0 (from torch>=1.11.0->sentence-transformers==3.0.1->-r requirements.txt (line 13))
#11 45.14   Downloading nvidia_cusparselt_cu13-0.8.0-py3-none-manylinux2014_x86_64.whl.metadata (12 kB)
#11 45.18 Collecting nvidia-nccl-cu13==2.28.9 (from torch>=1.11.0->sentence-transformers==3.0.1->-r requirements.txt (line 13))
#11 45.30   Downloading nvidia_nccl_cu13-2.28.9-py3-none-manylinux_2_18_x86_64.whl.metadata (2.0 kB)
#11 45.33 Collecting nvidia-nvshmem-cu13==3.4.5 (from torch>=1.11.0->sentence-transformers==3.0.1->-r requirements.txt (line 13))
#11 45.45   Downloading nvidia_nvshmem_cu13-3.4.5-py3-none-manylinux2014_x86_64.manylinux_2_17_x86_64.whl.metadata (2.1 kB)
#11 45.51 Collecting triton==3.6.0 (from torch>=1.11.0->sentence-transformers==3.0.1->-r requirements.txt (line 13))
#11 45.64   Downloading triton-3.6.0-cp311-cp311-manylinux_2_27_x86_64.manylinux_2_28_x86_64.whl.metadata (1.7 kB)
#11 45.77 Collecting nvidia-cublas==13.1.0.3.* (from cuda-toolkit[cublas,cudart,cufft,cufile,cupti,curand,cusolver,cusparse,nvjitlink,nvrtc,nvtx]==13.0.2; platform_system == "Linux"->torch>=1.11.0->sentence-transformers==3.0.1->-r requirements.txt (line 13))
#11 45.90   Downloading nvidia_cublas-13.1.0.3-py3-none-manylinux_2_27_x86_64.whl.metadata (1.7 kB)
#11 45.93 Collecting nvidia-cuda-runtime==13.0.96.* (from cuda-toolkit[cublas,cudart,cufft,cufile,cupti,curand,cusolver,cusparse,nvjitlink,nvrtc,nvtx]==13.0.2; platform_system == "Linux"->torch>=1.11.0->sentence-transformers==3.0.1->-r requirements.txt (line 13))
#11 46.06   Downloading nvidia_cuda_runtime-13.0.96-py3-none-manylinux2014_x86_64.manylinux_2_17_x86_64.whl.metadata (1.7 kB)
#11 46.20 Collecting nvidia-cufft==12.0.0.61.* (from cuda-toolkit[cublas,cudart,cufft,cufile,cupti,curand,cusolver,cusparse,nvjitlink,nvrtc,nvtx]==13.0.2; platform_system == "Linux"->torch>=1.11.0->sentence-transformers==3.0.1->-r requirements.txt (line 13))
#11 46.33   Downloading nvidia_cufft-12.0.0.61-py3-none-manylinux2014_x86_64.manylinux_2_17_x86_64.whl.metadata (1.8 kB)
#11 46.41 Collecting nvidia-cufile==1.15.1.6.* (from cuda-toolkit[cublas,cudart,cufft,cufile,cupti,curand,cusolver,cusparse,nvjitlink,nvrtc,nvtx]==13.0.2; platform_system == "Linux"->torch>=1.11.0->sentence-transformers==3.0.1->-r requirements.txt (line 13))
#11 46.54   Downloading nvidia_cufile-1.15.1.6-py3-none-manylinux2014_x86_64.manylinux_2_17_x86_64.whl.metadata (1.7 kB)
#11 46.57 Collecting nvidia-cuda-cupti==13.0.85.* (from cuda-toolkit[cublas,cudart,cufft,cufile,cupti,curand,cusolver,cusparse,nvjitlink,nvrtc,nvtx]==13.0.2; platform_system == "Linux"->torch>=1.11.0->sentence-transformers==3.0.1->-r requirements.txt (line 13))
#11 46.69   Downloading nvidia_cuda_cupti-13.0.85-py3-none-manylinux_2_25_x86_64.whl.metadata (1.7 kB)
#11 46.72 Collecting nvidia-curand==10.4.0.35.* (from cuda-toolkit[cublas,cudart,cufft,cufile,cupti,curand,cusolver,cusparse,nvjitlink,nvrtc,nvtx]==13.0.2; platform_system == "Linux"->torch>=1.11.0->sentence-transformers==3.0.1->-r requirements.txt (line 13))
#11 46.85   Downloading nvidia_curand-10.4.0.35-py3-none-manylinux_2_27_x86_64.whl.metadata (1.7 kB)
#11 46.88 Collecting nvidia-cusolver==12.0.4.66.* (from cuda-toolkit[cublas,cudart,cufft,cufile,cupti,curand,cusolver,cusparse,nvjitlink,nvrtc,nvtx]==13.0.2; platform_system == "Linux"->torch>=1.11.0->sentence-transformers==3.0.1->-r requirements.txt (line 13))
#11 47.01   Downloading nvidia_cusolver-12.0.4.66-py3-none-manylinux_2_27_x86_64.whl.metadata (1.8 kB)
#11 47.04 Collecting nvidia-cusparse==12.6.3.3.* (from cuda-toolkit[cublas,cudart,cufft,cufile,cupti,curand,cusolver,cusparse,nvjitlink,nvrtc,nvtx]==13.0.2; platform_system == "Linux"->torch>=1.11.0->sentence-transformers==3.0.1->-r requirements.txt (line 13))
#11 47.16   Downloading nvidia_cusparse-12.6.3.3-py3-none-manylinux2014_x86_64.manylinux_2_17_x86_64.whl.metadata (1.8 kB)
#11 47.20 Collecting nvidia-nvjitlink==13.0.88.* (from cuda-toolkit[cublas,cudart,cufft,cufile,cupti,curand,cusolver,cusparse,nvjitlink,nvrtc,nvtx]==13.0.2; platform_system == "Linux"->torch>=1.11.0->sentence-transformers==3.0.1->-r requirements.txt (line 13))
#11 47.32   Downloading nvidia_nvjitlink-13.0.88-py3-none-manylinux2010_x86_64.manylinux_2_12_x86_64.whl.metadata (1.7 kB)
#11 47.35 Collecting nvidia-cuda-nvrtc==13.0.88.* (from cuda-toolkit[cublas,cudart,cufft,cufile,cupti,curand,cusolver,cusparse,nvjitlink,nvrtc,nvtx]==13.0.2; platform_system == "Linux"->torch>=1.11.0->sentence-transformers==3.0.1->-r requirements.txt (line 13))
#11 47.48   Downloading nvidia_cuda_nvrtc-13.0.88-py3-none-manylinux2010_x86_64.manylinux_2_12_x86_64.whl.metadata (1.7 kB)
#11 47.51 Collecting nvidia-nvtx==13.0.85.* (from cuda-toolkit[cublas,cudart,cufft,cufile,cupti,curand,cusolver,cusparse,nvjitlink,nvrtc,nvtx]==13.0.2; platform_system == "Linux"->torch>=1.11.0->sentence-transformers==3.0.1->-r requirements.txt (line 13))
#11 47.63   Downloading nvidia_nvtx-13.0.85-py3-none-manylinux1_x86_64.manylinux_2_5_x86_64.whl.metadata (1.8 kB)
#11 47.90 Collecting huggingface-hub>=0.15.1 (from sentence-transformers==3.0.1->-r requirements.txt (line 13))
#11 48.03   Downloading huggingface_hub-0.36.2-py3-none-any.whl.metadata (15 kB)
#11 48.82 Collecting tokenizers<=0.23.0,>=0.22.0 (from transformers<5.0.0,>=4.34.0->sentence-transformers==3.0.1->-r requirements.txt (line 13))
#11 48.95   Downloading tokenizers-0.22.2-cp39-abi3-manylinux_2_17_x86_64.manylinux2014_x86_64.whl.metadata (7.3 kB)
#11 49.29 Collecting safetensors>=0.4.3 (from transformers<5.0.0,>=4.34.0->sentence-transformers==3.0.1->-r requirements.txt (line 13))
#11 49.41   Downloading safetensors-0.7.0-cp38-abi3-manylinux_2_17_x86_64.manylinux2014_x86_64.whl.metadata (4.1 kB)
#11 49.78 Collecting joblib>=1.3.0 (from scikit-learn->sentence-transformers==3.0.1->-r requirements.txt (line 13))
#11 49.91   Downloading joblib-1.5.3-py3-none-any.whl.metadata (5.5 kB)
#11 49.94 Collecting threadpoolctl>=3.2.0 (from scikit-learn->sentence-transformers==3.0.1->-r requirements.txt (line 13))
#11 50.09   Downloading threadpoolctl-3.6.0-py3-none-any.whl.metadata (13 kB)
#11 50.23 Collecting pycparser (from cffi>=2.0.0->cryptography>=3.4.0->python-jose[cryptography]==3.3.0->-r requirements.txt (line 14))
#11 50.35   Downloading pycparser-3.0-py3-none-any.whl.metadata (8.2 kB)
#11 50.40 Collecting cuda-pathfinder~=1.1 (from cuda-bindings<14,>=13.0.3->torch>=1.11.0->sentence-transformers==3.0.1->-r requirements.txt (line 13))
#11 50.53   Downloading cuda_pathfinder-1.5.0-py3-none-any.whl.metadata (1.9 kB)
#11 50.66 Collecting wcwidth (from prompt-toolkit>=3.0.36->click-repl>=0.2.0->celery==5.3.6->celery[redis]==5.3.6->-r requirements.txt (line 7))
#11 50.78   Downloading wcwidth-0.6.0-py3-none-any.whl.metadata (30 kB)
#11 50.99 Collecting rich>=13.7.1 (from rich-toolkit>=0.14.8->fastapi-cli>=0.0.2->fastapi==0.111.0->-r requirements.txt (line 1))
#11 51.12   Downloading rich-14.3.3-py3-none-any.whl.metadata (18 kB)
#11 51.24 Collecting mpmath<1.4,>=1.1.0 (from sympy>=1.13.3->torch>=1.11.0->sentence-transformers==3.0.1->-r requirements.txt (line 13))
#11 51.36   Downloading mpmath-1.3.0-py3-none-any.whl.metadata (8.6 kB)
#11 51.45 Collecting shellingham>=1.3.0 (from typer>=0.16.0->fastapi-cli>=0.0.2->fastapi==0.111.0->-r requirements.txt (line 1))
#11 51.58   Downloading shellingham-1.5.4-py2.py3-none-any.whl.metadata (3.5 kB)
#11 51.61 Collecting annotated-doc>=0.0.2 (from typer>=0.16.0->fastapi-cli>=0.0.2->fastapi==0.111.0->-r requirements.txt (line 1))
#11 51.74   Downloading annotated_doc-0.0.4-py3-none-any.whl.metadata (6.6 kB)
#11 51.84 Collecting markdown-it-py>=2.2.0 (from rich>=13.7.1->rich-toolkit>=0.14.8->fastapi-cli>=0.0.2->fastapi==0.111.0->-r requirements.txt (line 1))
#11 51.97   Downloading markdown_it_py-4.0.0-py3-none-any.whl.metadata (7.3 kB)
#11 52.03 Collecting pygments<3.0.0,>=2.13.0 (from rich>=13.7.1->rich-toolkit>=0.14.8->fastapi-cli>=0.0.2->fastapi==0.111.0->-r requirements.txt (line 1))
#11 52.15   Downloading pygments-2.19.2-py3-none-any.whl.metadata (2.5 kB)
#11 52.23 Collecting mdurl~=0.1 (from markdown-it-py>=2.2.0->rich>=13.7.1->rich-toolkit>=0.14.8->fastapi-cli>=0.0.2->fastapi==0.111.0->-r requirements.txt (line 1))
#11 52.36   Downloading mdurl-0.1.2-py3-none-any.whl.metadata (1.6 kB)
#11 52.51 Downloading fastapi-0.111.0-py3-none-any.whl (91 kB)
#11 52.79    ΓöüΓöüΓöüΓöüΓöüΓöüΓöüΓöüΓöüΓöüΓöüΓöüΓöüΓöüΓöüΓöüΓöüΓöüΓöüΓöüΓöüΓöüΓöüΓöüΓöüΓöüΓöüΓöüΓöüΓöüΓöüΓöüΓöüΓöüΓöüΓöüΓöüΓöüΓöüΓöü 92.0/92.0 kB 312.1 kB/s eta 0:00:00
#11 52.91 Downloading uvicorn-0.29.0-py3-none-any.whl (60 kB)
#11 52.97    ΓöüΓöüΓöüΓöüΓöüΓöüΓöüΓöüΓöüΓöüΓöüΓöüΓöüΓöüΓöüΓöüΓöüΓöüΓöüΓöüΓöüΓöüΓöüΓöüΓöüΓöüΓöüΓöüΓöüΓöüΓöüΓöüΓöüΓöüΓöüΓöüΓöüΓöüΓöüΓöü 60.8/60.8 kB 1.1 MB/s eta 0:00:00
#11 53.10 Downloading SQLAlchemy-2.0.30-cp311-cp311-manylinux_2_17_x86_64.manylinux2014_x86_64.whl (3.2 MB)
#11 57.32    ΓöüΓöüΓöüΓöüΓöüΓöüΓöüΓöüΓöüΓöüΓöüΓöüΓöüΓöüΓöüΓöüΓöüΓöüΓöüΓöüΓöüΓöüΓöüΓöüΓöüΓöüΓöüΓöüΓöüΓöüΓöüΓöüΓöüΓöüΓöüΓöüΓöüΓöüΓöüΓöü 3.2/3.2 MB 756.4 kB/s eta 0:00:00
#11 57.45 Downloading asyncpg-0.29.0-cp311-cp311-manylinux_2_17_x86_64.manylinux2014_x86_64.whl (2.8 MB)
#11 62.36    ΓöüΓöüΓöüΓöüΓöüΓöüΓöüΓöüΓöüΓöüΓöüΓöüΓöüΓöüΓöüΓöüΓöüΓöüΓöüΓöüΓöüΓöüΓöüΓöüΓöüΓöüΓöüΓöüΓöüΓöüΓöüΓöüΓöüΓöüΓöüΓöüΓöüΓöüΓöüΓöü 2.8/2.8 MB 571.8 kB/s eta 0:00:00
#11 62.48 Downloading alembic-1.13.1-py3-none-any.whl (233 kB)
#11 62.90    ΓöüΓöüΓöüΓöüΓöüΓöüΓöüΓöüΓöüΓöüΓöüΓöüΓöüΓöüΓöüΓöüΓöüΓöüΓöüΓöüΓöüΓöüΓöüΓöüΓöüΓöüΓöüΓöüΓöüΓöüΓöüΓöüΓöüΓöüΓöüΓöüΓöüΓöüΓöü 233.4/233.4 kB 569.8 kB/s eta 0:00:00
#11 63.03 Downloading redis-5.0.4-py3-none-any.whl (251 kB)
#11 63.41    ΓöüΓöüΓöüΓöüΓöüΓöüΓöüΓöüΓöüΓöüΓöüΓöüΓöüΓöüΓöüΓöüΓöüΓöüΓöüΓöüΓöüΓöüΓöüΓöüΓöüΓöüΓöüΓöüΓöüΓöüΓöüΓöüΓöüΓöüΓöüΓöüΓöüΓöüΓöü 252.0/252.0 kB 659.2 kB/s eta 0:00:00
#11 63.54 Downloading celery-5.3.6-py3-none-any.whl (422 kB)
#11 64.24    ΓöüΓöüΓöüΓöüΓöüΓöüΓöüΓöüΓöüΓöüΓöüΓöüΓöüΓöüΓöüΓöüΓöüΓöüΓöüΓöüΓöüΓöüΓöüΓöüΓöüΓöüΓöüΓöüΓöüΓöüΓöüΓöüΓöüΓöüΓöüΓöüΓöüΓöüΓöü 422.0/422.0 kB 602.2 kB/s eta 0:00:00
#11 64.37 Downloading httpx-0.27.0-py3-none-any.whl (75 kB)
#11 64.47    ΓöüΓöüΓöüΓöüΓöüΓöüΓöüΓöüΓöüΓöüΓöüΓöüΓöüΓöüΓöüΓöüΓöüΓöüΓöüΓöüΓöüΓöüΓöüΓöüΓöüΓöüΓöüΓöüΓöüΓöüΓöüΓöüΓöüΓöüΓöüΓöüΓöüΓöüΓöüΓöü 75.6/75.6 kB 972.3 kB/s eta 0:00:00
#11 64.59 Downloading pydantic-2.7.1-py3-none-any.whl (409 kB)
#11 65.33    ΓöüΓöüΓöüΓöüΓöüΓöüΓöüΓöüΓöüΓöüΓöüΓöüΓöüΓöüΓöüΓöüΓöüΓöüΓöüΓöüΓöüΓöüΓöüΓöüΓöüΓöüΓöüΓöüΓöüΓöüΓöüΓöüΓöüΓöüΓöüΓöüΓöüΓöüΓöü 409.3/409.3 kB 555.8 kB/s eta 0:00:00
#11 65.46 Downloading pydantic_settings-2.2.1-py3-none-any.whl (13 kB)
#11 65.70 Downloading faiss_cpu-1.8.0-cp311-cp311-manylinux_2_17_x86_64.manylinux2014_x86_64.whl (27.0 MB)
#11 169.3    ΓöüΓöüΓöüΓöüΓöüΓöüΓöüΓöüΓöüΓöüΓöüΓöüΓöüΓöüΓöüΓöüΓöüΓöüΓöüΓöüΓöüΓöüΓöüΓöüΓöüΓöüΓöüΓöüΓöüΓöüΓöüΓöüΓöüΓöüΓöüΓöüΓöüΓöüΓöüΓöü 27.0/27.0 MB 215.2 kB/s eta 0:00:00
#11 169.4 Downloading numpy-1.26.4-cp311-cp311-manylinux_2_17_x86_64.manylinux2014_x86_64.whl (18.3 MB)
#11 247.0    ΓöüΓöüΓöüΓöüΓöüΓöüΓöüΓöüΓöüΓöüΓöüΓöüΓöüΓöüΓöüΓöüΓöüΓöüΓöüΓöüΓöüΓöüΓöüΓöüΓöüΓöüΓöüΓöüΓöüΓöüΓöüΓöüΓöüΓöüΓöüΓöüΓöüΓöüΓöüΓöü 18.3/18.3 MB 254.6 kB/s eta 0:00:00
#11 247.1 Downloading sentence_transformers-3.0.1-py3-none-any.whl (227 kB)
#11 247.8    ΓöüΓöüΓöüΓöüΓöüΓöüΓöüΓöüΓöüΓöüΓöüΓöüΓöüΓöüΓöüΓöüΓöüΓöüΓöüΓöüΓöüΓöüΓöüΓöüΓöüΓöüΓöüΓöüΓöüΓöüΓöüΓöüΓöüΓöüΓöüΓöüΓöüΓöüΓöü 227.1/227.1 kB 364.0 kB/s eta 0:00:00
#11 247.9 Downloading python_jose-3.3.0-py2.py3-none-any.whl (33 kB)
#11 248.1 Downloading passlib-1.7.4-py2.py3-none-any.whl (525 kB)
#11 249.5    ΓöüΓöüΓöüΓöüΓöüΓöüΓöüΓöüΓöüΓöüΓöüΓöüΓöüΓöüΓöüΓöüΓöüΓöüΓöüΓöüΓöüΓöüΓöüΓöüΓöüΓöüΓöüΓöüΓöüΓöüΓöüΓöüΓöüΓöüΓöüΓöüΓöüΓöüΓöü 525.6/525.6 kB 362.7 kB/s eta 0:00:00
#11 249.6 Downloading python_multipart-0.0.9-py3-none-any.whl (22 kB)
#11 249.8 Downloading networkx-3.3-py3-none-any.whl (1.7 MB)
#11 254.9    ΓöüΓöüΓöüΓöüΓöüΓöüΓöüΓöüΓöüΓöüΓöüΓöüΓöüΓöüΓöüΓöüΓöüΓöüΓöüΓöüΓöüΓöüΓöüΓöüΓöüΓöüΓöüΓöüΓöüΓöüΓöüΓöüΓöüΓöüΓöüΓöüΓöüΓöüΓöüΓöü 1.7/1.7 MB 334.0 kB/s eta 0:00:00
#11 255.0 Downloading lxml-5.2.1-cp311-cp311-manylinux_2_28_x86_64.whl (5.0 MB)
#11 275.0    ΓöüΓöüΓöüΓöüΓöüΓöüΓöüΓöüΓöüΓöüΓöüΓöüΓöüΓöüΓöüΓöüΓöüΓöüΓöüΓöüΓöüΓöüΓöüΓöüΓöüΓöüΓöüΓöüΓöüΓöüΓöüΓöüΓöüΓöüΓöüΓöüΓöüΓöüΓöüΓöü 5.0/5.0 MB 250.5 kB/s eta 0:00:00
#11 275.1 Downloading feedparser-6.0.11-py3-none-any.whl (81 kB)
#11 275.4    ΓöüΓöüΓöüΓöüΓöüΓöüΓöüΓöüΓöüΓöüΓöüΓöüΓöüΓöüΓöüΓöüΓöüΓöüΓöüΓöüΓöüΓöüΓöüΓöüΓöüΓöüΓöüΓöüΓöüΓöüΓöüΓöüΓöüΓöüΓöüΓöüΓöüΓöüΓöüΓöü 81.3/81.3 kB 305.0 kB/s eta 0:00:00
#11 275.5 Downloading beautifulsoup4-4.12.3-py3-none-any.whl (147 kB)
#11 275.9    ΓöüΓöüΓöüΓöüΓöüΓöüΓöüΓöüΓöüΓöüΓöüΓöüΓöüΓöüΓöüΓöüΓöüΓöüΓöüΓöüΓöüΓöüΓöüΓöüΓöüΓöüΓöüΓöüΓöüΓöüΓöüΓöüΓöüΓöüΓöüΓöüΓöüΓöüΓöü 147.9/147.9 kB 371.1 kB/s eta 0:00:00
#11 276.0 Downloading tenacity-8.3.0-py3-none-any.whl (25 kB)
#11 276.2 Downloading structlog-24.2.0-py3-none-any.whl (65 kB)
#11 276.4    ΓöüΓöüΓöüΓöüΓöüΓöüΓöüΓöüΓöüΓöüΓöüΓöüΓöüΓöüΓöüΓöüΓöüΓöüΓöüΓöüΓöüΓöüΓöüΓöüΓöüΓöüΓöüΓöüΓöüΓöüΓöüΓöüΓöüΓöüΓöüΓöüΓöüΓöüΓöüΓöü 65.8/65.8 kB 231.8 kB/s eta 0:00:00
#11 276.6 Downloading prometheus_fastapi_instrumentator-7.0.0-py3-none-any.whl (19 kB)
#11 276.7 Downloading prometheus_client-0.20.0-py3-none-any.whl (54 kB)
#11 276.9    ΓöüΓöüΓöüΓöüΓöüΓöüΓöüΓöüΓöüΓöüΓöüΓöüΓöüΓöüΓöüΓöüΓöüΓöüΓöüΓöüΓöüΓöüΓöüΓöüΓöüΓöüΓöüΓöüΓöüΓöüΓöüΓöüΓöüΓöüΓöüΓöüΓöüΓöüΓöüΓöü 54.5/54.5 kB 436.8 kB/s eta 0:00:00
#11 277.0 Downloading aiofiles-23.2.1-py3-none-any.whl (15 kB)
#11 277.1 Downloading tiktoken-0.7.0-cp311-cp311-manylinux_2_17_x86_64.manylinux2014_x86_64.whl (1.1 MB)
#11 280.5    ΓöüΓöüΓöüΓöüΓöüΓöüΓöüΓöüΓöüΓöüΓöüΓöüΓöüΓöüΓöüΓöüΓöüΓöüΓöüΓöüΓöüΓöüΓöüΓöüΓöüΓöüΓöüΓöüΓöüΓöüΓöüΓöüΓöüΓöüΓöüΓöüΓöüΓöüΓöüΓöü 1.1/1.1 MB 323.8 kB/s eta 0:00:00
#11 280.6 Downloading rank_bm25-0.2.2-py3-none-any.whl (8.6 kB)
#11 280.7 Downloading httpcore-1.0.9-py3-none-any.whl (78 kB)
#11 280.9    ΓöüΓöüΓöüΓöüΓöüΓöüΓöüΓöüΓöüΓöüΓöüΓöüΓöüΓöüΓöüΓöüΓöüΓöüΓöüΓöüΓöüΓöüΓöüΓöüΓöüΓöüΓöüΓöüΓöüΓöüΓöüΓöüΓöüΓöüΓöüΓöüΓöüΓöüΓöüΓöü 78.8/78.8 kB 389.5 kB/s eta 0:00:00
#11 281.1 Downloading pydantic_core-2.18.2-cp311-cp311-manylinux_2_17_x86_64.manylinux2014_x86_64.whl (2.1 MB)
#11 288.4    ΓöüΓöüΓöüΓöüΓöüΓöüΓöüΓöüΓöüΓöüΓöüΓöüΓöüΓöüΓöüΓöüΓöüΓöüΓöüΓöüΓöüΓöüΓöüΓöüΓöüΓöüΓöüΓöüΓöüΓöüΓöüΓöüΓöüΓöüΓöüΓöüΓöüΓöüΓöüΓöü 2.1/2.1 MB 279.3 kB/s eta 0:00:00
#11 288.6 Downloading annotated_types-0.7.0-py3-none-any.whl (13 kB)
#11 288.9 Downloading async_timeout-5.0.1-py3-none-any.whl (6.2 kB)
#11 289.1 Downloading bcrypt-5.0.0-cp39-abi3-manylinux_2_34_x86_64.whl (278 kB)
#11 290.8    ΓöüΓöüΓöüΓöüΓöüΓöüΓöüΓöüΓöüΓöüΓöüΓöüΓöüΓöüΓöüΓöüΓöüΓöüΓöüΓöüΓöüΓöüΓöüΓöüΓöüΓöüΓöüΓöüΓöüΓöüΓöüΓöüΓöüΓöüΓöüΓöüΓöüΓöüΓöü 278.2/278.2 kB 161.5 kB/s eta 0:00:00
#11 290.9 Downloading billiard-4.2.4-py3-none-any.whl (87 kB)
#11 291.4    ΓöüΓöüΓöüΓöüΓöüΓöüΓöüΓöüΓöüΓöüΓöüΓöüΓöüΓöüΓöüΓöüΓöüΓöüΓöüΓöüΓöüΓöüΓöüΓöüΓöüΓöüΓöüΓöüΓöüΓöüΓöüΓöüΓöüΓöüΓöüΓöüΓöüΓöüΓöüΓöü 87.1/87.1 kB 184.5 kB/s eta 0:00:00
#11 291.5 Downloading click-8.3.1-py3-none-any.whl (108 kB)
#11 292.2    ΓöüΓöüΓöüΓöüΓöüΓöüΓöüΓöüΓöüΓöüΓöüΓöüΓöüΓöüΓöüΓöüΓöüΓöüΓöüΓöüΓöüΓöüΓöüΓöüΓöüΓöüΓöüΓöüΓöüΓöüΓöüΓöüΓöüΓöüΓöüΓöüΓöüΓöüΓöü 108.3/108.3 kB 155.0 kB/s eta 0:00:00
#11 292.3 Downloading click_didyoumean-0.3.1-py3-none-any.whl (3.6 kB)
#11 292.4 Downloading click_plugins-1.1.1.2-py2.py3-none-any.whl (11 kB)
#11 292.6 Downloading click_repl-0.3.0-py3-none-any.whl (10 kB)
#11 292.8 Downloading cryptography-46.0.5-cp311-abi3-manylinux_2_34_x86_64.whl (4.5 MB)
#11 309.7    ΓöüΓöüΓöüΓöüΓöüΓöüΓöüΓöüΓöüΓöüΓöüΓöüΓöüΓöüΓöüΓöüΓöüΓöüΓöüΓöüΓöüΓöüΓöüΓöüΓöüΓöüΓöüΓöüΓöüΓöüΓöüΓöüΓöüΓöüΓöüΓöüΓöüΓöüΓöüΓöü 4.5/4.5 MB 263.5 kB/s eta 0:00:00
#11 309.8 Downloading ecdsa-0.19.1-py2.py3-none-any.whl (150 kB)
#11 310.7    ΓöüΓöüΓöüΓöüΓöüΓöüΓöüΓöüΓöüΓöüΓöüΓöüΓöüΓöüΓöüΓöüΓöüΓöüΓöüΓöüΓöüΓöüΓöüΓöüΓöüΓöüΓöüΓöüΓöüΓöüΓöüΓöüΓöüΓöüΓöüΓöüΓöüΓöüΓöü 150.6/150.6 kB 169.4 kB/s eta 0:00:00
#11 310.8 Downloading email_validator-2.3.0-py3-none-any.whl (35 kB)
#11 311.1 Downloading fastapi_cli-0.0.24-py3-none-any.whl (12 kB)
#11 311.3 Downloading greenlet-3.3.2-cp311-cp311-manylinux_2_24_x86_64.manylinux_2_28_x86_64.whl (594 kB)
#11 314.9    ΓöüΓöüΓöüΓöüΓöüΓöüΓöüΓöüΓöüΓöüΓöüΓöüΓöüΓöüΓöüΓöüΓöüΓöüΓöüΓöüΓöüΓöüΓöüΓöüΓöüΓöüΓöüΓöüΓöüΓöüΓöüΓöüΓöüΓöüΓöüΓöüΓöüΓöüΓöü 594.2/594.2 kB 167.3 kB/s eta 0:00:00
#11 315.0 Downloading h11-0.16.0-py3-none-any.whl (37 kB)
#11 315.4 Downloading hiredis-3.3.1-cp311-cp311-manylinux2014_x86_64.manylinux_2_17_x86_64.manylinux_2_28_x86_64.whl (169 kB)
#11 316.4    ΓöüΓöüΓöüΓöüΓöüΓöüΓöüΓöüΓöüΓöüΓöüΓöüΓöüΓöüΓöüΓöüΓöüΓöüΓöüΓöüΓöüΓöüΓöüΓöüΓöüΓöüΓöüΓöüΓöüΓöüΓöüΓöüΓöüΓöüΓöüΓöüΓöüΓöüΓöü 169.4/169.4 kB 164.3 kB/s eta 0:00:00
#11 316.6 Downloading httptools-0.7.1-cp311-cp311-manylinux1_x86_64.manylinux_2_28_x86_64.manylinux_2_5_x86_64.whl (456 kB)
#11 319.3    ΓöüΓöüΓöüΓöüΓöüΓöüΓöüΓöüΓöüΓöüΓöüΓöüΓöüΓöüΓöüΓöüΓöüΓöüΓöüΓöüΓöüΓöüΓöüΓöüΓöüΓöüΓöüΓöüΓöüΓöüΓöüΓöüΓöüΓöüΓöüΓöüΓöüΓöüΓöü 456.6/456.6 kB 165.2 kB/s eta 0:00:00
#11 319.4 Downloading idna-3.11-py3-none-any.whl (71 kB)
#11 319.8    ΓöüΓöüΓöüΓöüΓöüΓöüΓöüΓöüΓöüΓöüΓöüΓöüΓöüΓöüΓöüΓöüΓöüΓöüΓöüΓöüΓöüΓöüΓöüΓöüΓöüΓöüΓöüΓöüΓöüΓöüΓöüΓöüΓöüΓöüΓöüΓöüΓöüΓöüΓöüΓöü 71.0/71.0 kB 184.5 kB/s eta 0:00:00
#11 320.0 Downloading jinja2-3.1.6-py3-none-any.whl (134 kB)
#11 320.9    ΓöüΓöüΓöüΓöüΓöüΓöüΓöüΓöüΓöüΓöüΓöüΓöüΓöüΓöüΓöüΓöüΓöüΓöüΓöüΓöüΓöüΓöüΓöüΓöüΓöüΓöüΓöüΓöüΓöüΓöüΓöüΓöüΓöüΓöüΓöüΓöüΓöüΓöüΓöü 134.9/134.9 kB 142.1 kB/s eta 0:00:00
#11 321.0 Downloading kombu-5.6.2-py3-none-any.whl (214 kB)
#11 322.2    ΓöüΓöüΓöüΓöüΓöüΓöüΓöüΓöüΓöüΓöüΓöüΓöüΓöüΓöüΓöüΓöüΓöüΓöüΓöüΓöüΓöüΓöüΓöüΓöüΓöüΓöüΓöüΓöüΓöüΓöüΓöüΓöüΓöüΓöüΓöüΓöüΓöüΓöüΓöü 214.2/214.2 kB 179.1 kB/s eta 0:00:00
#11 322.3 Downloading vine-5.1.0-py3-none-any.whl (9.6 kB)
#11 322.5 Downloading orjson-3.11.7-cp311-cp311-manylinux_2_17_x86_64.manylinux2014_x86_64.whl (133 kB)
#11 323.1    ΓöüΓöüΓöüΓöüΓöüΓöüΓöüΓöüΓöüΓöüΓöüΓöüΓöüΓöüΓöüΓöüΓöüΓöüΓöüΓöüΓöüΓöüΓöüΓöüΓöüΓöüΓöüΓöüΓöüΓöüΓöüΓöüΓöüΓöüΓöüΓöüΓöüΓöüΓöü 133.4/133.4 kB 215.1 kB/s eta 0:00:00
#11 323.2 Downloading python_dateutil-2.9.0.post0-py2.py3-none-any.whl (229 kB)
#11 324.4    ΓöüΓöüΓöüΓöüΓöüΓöüΓöüΓöüΓöüΓöüΓöüΓöüΓöüΓöüΓöüΓöüΓöüΓöüΓöüΓöüΓöüΓöüΓöüΓöüΓöüΓöüΓöüΓöüΓöüΓöüΓöüΓöüΓöüΓöüΓöüΓöüΓöüΓöüΓöü 229.9/229.9 kB 190.4 kB/s eta 0:00:00
#11 324.6 Downloading python_dotenv-1.2.2-py3-none-any.whl (22 kB)
#11 325.0 Downloading pyyaml-6.0.3-cp311-cp311-manylinux2014_x86_64.manylinux_2_17_x86_64.manylinux_2_28_x86_64.whl (806 kB)
#11 328.9    ΓöüΓöüΓöüΓöüΓöüΓöüΓöüΓöüΓöüΓöüΓöüΓöüΓöüΓöüΓöüΓöüΓöüΓöüΓöüΓöüΓöüΓöüΓöüΓöüΓöüΓöüΓöüΓöüΓöüΓöüΓöüΓöüΓöüΓöüΓöüΓöüΓöüΓöüΓöü 806.6/806.6 kB 206.7 kB/s eta 0:00:00
#11 329.0 Downloading regex-2026.2.28-cp311-cp311-manylinux2014_x86_64.manylinux_2_17_x86_64.manylinux_2_28_x86_64.whl (800 kB)
#11 332.0    ΓöüΓöüΓöüΓöüΓöüΓöüΓöüΓöüΓöüΓöüΓöüΓöüΓöüΓöüΓöüΓöüΓöüΓöüΓöüΓöüΓöüΓöüΓöüΓöüΓöüΓöüΓöüΓöüΓöüΓöüΓöüΓöüΓöüΓöüΓöüΓöüΓöüΓöüΓöü 800.2/800.2 kB 265.3 kB/s eta 0:00:00
#11 332.2 Downloading requests-2.32.5-py3-none-any.whl (64 kB)
#11 332.3    ΓöüΓöüΓöüΓöüΓöüΓöüΓöüΓöüΓöüΓöüΓöüΓöüΓöüΓöüΓöüΓöüΓöüΓöüΓöüΓöüΓöüΓöüΓöüΓöüΓöüΓöüΓöüΓöüΓöüΓöüΓöüΓöüΓöüΓöüΓöüΓöüΓöüΓöüΓöüΓöü 64.7/64.7 kB 505.5 kB/s eta 0:00:00
#11 332.4 Downloading certifi-2026.2.25-py3-none-any.whl (153 kB)
#11 332.9    ΓöüΓöüΓöüΓöüΓöüΓöüΓöüΓöüΓöüΓöüΓöüΓöüΓöüΓöüΓöüΓöüΓöüΓöüΓöüΓöüΓöüΓöüΓöüΓöüΓöüΓöüΓöüΓöüΓöüΓöüΓöüΓöüΓöüΓöüΓöüΓöüΓöüΓöüΓöü 153.7/153.7 kB 356.1 kB/s eta 0:00:00
#11 333.0 Downloading soupsieve-2.8.3-py3-none-any.whl (37 kB)
#11 333.2 Downloading starlette-0.37.2-py3-none-any.whl (71 kB)
#11 333.3    ΓöüΓöüΓöüΓöüΓöüΓöüΓöüΓöüΓöüΓöüΓöüΓöüΓöüΓöüΓöüΓöüΓöüΓöüΓöüΓöüΓöüΓöüΓöüΓöüΓöüΓöüΓöüΓöüΓöüΓöüΓöüΓöüΓöüΓöüΓöüΓöüΓöüΓöüΓöüΓöü 71.9/71.9 kB 386.8 kB/s eta 0:00:00
#11 333.5 Downloading anyio-4.13.0-py3-none-any.whl (114 kB)
#11 333.7    ΓöüΓöüΓöüΓöüΓöüΓöüΓöüΓöüΓöüΓöüΓöüΓöüΓöüΓöüΓöüΓöüΓöüΓöüΓöüΓöüΓöüΓöüΓöüΓöüΓöüΓöüΓöüΓöüΓöüΓöüΓöüΓöüΓöüΓöüΓöüΓöüΓöüΓöüΓöü 114.4/114.4 kB 458.9 kB/s eta 0:00:00
#11 333.8 Downloading torch-2.11.0-cp311-cp311-manylinux_2_28_x86_64.whl (530.6 MB)
#11 1098.5    ΓöüΓöüΓöüΓöüΓöüΓöüΓöüΓöüΓöüΓöüΓöüΓöüΓöüΓöüΓöüΓöüΓò╕                       227.6/530.6 MB 233.0 kB/s eta 0:21:41
#11 1099.1 Downloading cuda_toolkit-13.0.2-py2.py3-none-any.whl (2.4 kB)
#11 1099.2 Downloading nvidia_cudnn_cu13-9.19.0.56-py3-none-manylinux_2_27_x86_64.whl (366.1 MB)
#11 2382.9    ΓöüΓöüΓöüΓöüΓöüΓöüΓöüΓöüΓöüΓöüΓöüΓöüΓöüΓöüΓöüΓöüΓöüΓöüΓöüΓöüΓöüΓöüΓöüΓöüΓöüΓöüΓöüΓöüΓöüΓöüΓöüΓöüΓöüΓöüΓöüΓöüΓöüΓöüΓöü 366.1/366.1 MB 342.5 kB/s eta 0:00:00
#11 2383.0 Downloading nvidia_cusparselt_cu13-0.8.0-py3-none-manylinux2014_x86_64.whl (169.9 MB)
#11 2895.9    ΓöüΓöüΓöüΓöüΓöüΓöüΓöüΓöüΓöüΓöüΓöüΓöüΓöüΓöüΓöüΓöüΓöüΓöüΓöüΓöüΓöüΓöüΓöüΓöüΓöüΓöüΓöüΓöüΓöüΓöüΓöüΓöüΓöüΓöüΓöüΓöüΓöüΓöüΓöü 169.9/169.9 MB 309.1 kB/s eta 0:00:00
#11 2896.0 Downloading nvidia_nccl_cu13-2.28.9-py3-none-manylinux_2_18_x86_64.whl (196.5 MB)
#11 3415.6    ΓöüΓöüΓöüΓöüΓöüΓöüΓöüΓöüΓöüΓöüΓöüΓöüΓöüΓöüΓöüΓöüΓöüΓöüΓöüΓöüΓöüΓöüΓöüΓöüΓöüΓöüΓöüΓöüΓöüΓöüΓöüΓöüΓöüΓöüΓöüΓöüΓöüΓöüΓöü 196.5/196.5 MB 327.5 kB/s eta 0:00:00
#11 3415.7 Downloading nvidia_nvshmem_cu13-3.4.5-py3-none-manylinux2014_x86_64.manylinux_2_17_x86_64.whl (60.4 MB)
#11 3525.8    ΓöüΓöüΓöüΓöüΓöüΓöüΓöüΓöüΓöüΓöüΓöüΓöüΓöüΓöüΓöüΓöüΓöüΓöüΓöüΓöüΓöüΓöüΓöüΓöüΓöüΓöüΓöüΓöüΓöüΓöüΓöüΓöüΓöüΓöüΓöüΓöüΓöüΓöüΓöüΓöü 60.4/60.4 MB 362.4 kB/s eta 0:00:00
#11 3525.9 Downloading triton-3.6.0-cp311-cp311-manylinux_2_27_x86_64.manylinux_2_28_x86_64.whl (188.2 MB)
#11 3905.8    ΓöüΓöüΓöüΓöüΓöüΓöüΓöüΓöüΓöüΓöüΓöüΓöüΓöüΓöüΓöüΓöüΓöüΓöüΓöüΓöüΓöüΓöüΓöüΓöüΓöüΓöüΓöüΓöüΓöüΓöü          145.1/188.2 MB 105.7 kB/s eta 0:06:49
#11 3905.8 ERROR: Exception:
#11 3905.8 Traceback (most recent call last):
#11 3905.8   File "/usr/local/lib/python3.11/site-packages/pip/_vendor/urllib3/response.py", line 438, in _error_catcher
#11 3905.8     yield
#11 3905.8   File "/usr/local/lib/python3.11/site-packages/pip/_vendor/urllib3/response.py", line 561, in read
#11 3905.8     data = self._fp_read(amt) if not fp_closed else b""
#11 3905.8            ^^^^^^^^^^^^^^^^^^
#11 3905.8   File "/usr/local/lib/python3.11/site-packages/pip/_vendor/urllib3/response.py", line 527, in _fp_read
#11 3905.8     return self._fp.read(amt) if amt is not None else self._fp.read()
#11 3905.8            ^^^^^^^^^^^^^^^^^^
#11 3905.8   File "/usr/local/lib/python3.11/http/client.py", line 478, in read
#11 3905.8     s = self.fp.read(amt)
#11 3905.8         ^^^^^^^^^^^^^^^^^
#11 3905.8   File "/usr/local/lib/python3.11/socket.py", line 718, in readinto
#11 3905.8     return self._sock.recv_into(b)
#11 3905.8            ^^^^^^^^^^^^^^^^^^^^^^^
#11 3905.8   File "/usr/local/lib/python3.11/ssl.py", line 1314, in recv_into
#11 3905.8     return self.read(nbytes, buffer)
#11 3905.8            ^^^^^^^^^^^^^^^^^^^^^^^^^
#11 3905.8   File "/usr/local/lib/python3.11/ssl.py", line 1166, in read
#11 3905.8     return self._sslobj.read(len, buffer)
#11 3905.8            ^^^^^^^^^^^^^^^^^^^^^^^^^^^^^^
#11 3905.8 TimeoutError: The read operation timed out
#11 3905.8 
#11 3905.8 During handling of the above exception, another exception occurred:
#11 3905.8 
#11 3905.8 Traceback (most recent call last):
#11 3905.8   File "/usr/local/lib/python3.11/site-packages/pip/_internal/cli/base_command.py", line 180, in exc_logging_wrapper
#11 3905.8     status = run_func(*args)
#11 3905.8              ^^^^^^^^^^^^^^^
#11 3905.8   File "/usr/local/lib/python3.11/site-packages/pip/_internal/cli/req_command.py", line 245, in wrapper
#11 3905.8     return func(self, options, args)
#11 3905.8            ^^^^^^^^^^^^^^^^^^^^^^^^^
#11 3905.8   File "/usr/local/lib/python3.11/site-packages/pip/_internal/commands/install.py", line 377, in run
#11 3905.8     requirement_set = resolver.resolve(
#11 3905.8                       ^^^^^^^^^^^^^^^^^
#11 3905.8   File "/usr/local/lib/python3.11/site-packages/pip/_internal/resolution/resolvelib/resolver.py", line 179, in resolve
#11 3905.8     self.factory.preparer.prepare_linked_requirements_more(reqs)
#11 3905.8   File "/usr/local/lib/python3.11/site-packages/pip/_internal/operations/prepare.py", line 552, in prepare_linked_requirements_more
#11 3905.8     self._complete_partial_requirements(
#11 3905.8   File "/usr/local/lib/python3.11/site-packages/pip/_internal/operations/prepare.py", line 467, in _complete_partial_requirements
#11 3905.8     for link, (filepath, _) in batch_download:
#11 3905.8   File "/usr/local/lib/python3.11/site-packages/pip/_internal/network/download.py", line 183, in __call__
#11 3905.8     for chunk in chunks:
#11 3905.8   File "/usr/local/lib/python3.11/site-packages/pip/_internal/cli/progress_bars.py", line 53, in _rich_progress_bar
#11 3905.8     for chunk in iterable:
#11 3905.8   File "/usr/local/lib/python3.11/site-packages/pip/_internal/network/utils.py", line 63, in response_chunks
#11 3905.8     for chunk in response.raw.stream(
#11 3905.8   File "/usr/local/lib/python3.11/site-packages/pip/_vendor/urllib3/response.py", line 622, in stream
#11 3905.8     data = self.read(amt=amt, decode_content=decode_content)
#11 3905.8            ^^^^^^^^^^^^^^^^^^^^^^^^^^^^^^^^^^^^^^^^^^^^^^^^^
#11 3905.8   File "/usr/local/lib/python3.11/site-packages/pip/_vendor/urllib3/response.py", line 560, in read
#11 3905.8     with self._error_catcher():
#11 3905.8   File "/usr/local/lib/python3.11/contextlib.py", line 158, in __exit__
#11 3905.8     self.gen.throw(typ, value, traceback)
#11 3905.8   File "/usr/local/lib/python3.11/site-packages/pip/_vendor/urllib3/response.py", line 443, in _error_catcher
#11 3905.8     raise ReadTimeoutError(self._pool, None, "Read timed out.")
#11 3905.8 pip._vendor.urllib3.exceptions.ReadTimeoutError: HTTPSConnectionPool(host='files.pythonhosted.org', port=443): Read timed out.
#11 3906.0 
#11 3906.0 [notice] A new release of pip is available: 24.0 -> 26.0.1
#11 3906.0 [notice] To update, run: pip install --upgrade pip
#11 ERROR: process "/bin/sh -c pip install --no-cache-dir -r requirements.txt" did not complete successfully: exit code: 2
------
 > [5/7] RUN pip install --no-cache-dir -r requirements.txt:
3905.8   File "/usr/local/lib/python3.11/site-packages/pip/_vendor/urllib3/response.py", line 560, in read
3905.8     with self._error_catcher():
3905.8   File "/usr/local/lib/python3.11/contextlib.py", line 158, in __exit__
3905.8     self.gen.throw(typ, value, traceback)
3905.8   File "/usr/local/lib/python3.11/site-packages/pip/_vendor/urllib3/response.py", line 443, in _error_catcher
3905.8     raise ReadTimeoutError(self._pool, None, "Read timed out.")
3905.8 pip._vendor.urllib3.exceptions.ReadTimeoutError: HTTPSConnectionPool(host='files.pythonhosted.org', port=443): Read timed out.
3906.0 
3906.0 [notice] A new release of pip is available: 24.0 -> 26.0.1
3906.0 [notice] To update, run: pip install --upgrade pip
------
Dockerfile:11

--------------------

   9 |     

  10 |     COPY requirements.txt .

  11 | >>> RUN pip install --no-cache-dir -r requirements.txt

  12 |     

  13 |     COPY . .

--------------------

failed to solve: process "/bin/sh -c pip install --no-cache-dir -r 
requirements.txt" did not complete successfully: exit code: 2

